#! /mingw64/bin/vvp
:ivl_version "12.0 (stable)";
:ivl_delay_selection "TYPICAL";
:vpi_time_precision - 9;
:vpi_module "C:\msys64\mingw64\lib\ivl\system.vpi";
:vpi_module "C:\msys64\mingw64\lib\ivl\vhdl_sys.vpi";
:vpi_module "C:\msys64\mingw64\lib\ivl\vhdl_textio.vpi";
:vpi_module "C:\msys64\mingw64\lib\ivl\v2005_math.vpi";
:vpi_module "C:\msys64\mingw64\lib\ivl\va_math.vpi";
S_000002e0bb07a2f0 .scope module, "stimulus" "stimulus" 2 2;
 .timescale -6 -9;
P_000002e0bb0755c0 .param/l "N" 1 2 3, +C4<00000000000000000000000000000011>;
v000002e0bb0d06e0_0 .var "i_a", 2 0;
v000002e0bb0cfd80_0 .var "i_b", 2 0;
v000002e0bb0d0aa0_0 .net "o_HEX", 6 0, L_000002e0bb066770;  1 drivers
v000002e0bb0d0460_0 .net "o_sum", 3 0, v000002e0bb079ab0_0;  1 drivers
S_000002e0bb0648a0 .scope begin, "$ivl_for_loop0" "$ivl_for_loop0" 2 16, 2 16 0, S_000002e0bb07a2f0;
 .timescale -6 -9;
v000002e0bb079470_0 .var/i "i", 31 0;
S_000002e0bb064a30 .scope begin, "$ivl_for_loop1" "$ivl_for_loop1" 2 17, 2 17 0, S_000002e0bb0648a0;
 .timescale -6 -9;
v000002e0bb0798d0_0 .var/i "j", 31 0;
S_000002e0bb051680 .scope module, "TOP" "adder_nbit_top" 2 9, 3 1 0, S_000002e0bb07a2f0;
 .timescale 0 0;
    .port_info 0 /INPUT 3 "i_a";
    .port_info 1 /INPUT 3 "i_b";
    .port_info 2 /OUTPUT 4 "o_sum";
    .port_info 3 /OUTPUT 7 "O_HEX";
P_000002e0bb075080 .param/l "N" 0 3 1, +C4<00000000000000000000000000000011>;
L_000002e0bb066770 .functor BUFZ 7, L_000002e0bb0d12c0, C4<0000000>, C4<0000000>, C4<0000000>;
v000002e0bb079a10_0 .net "O_HEX", 6 0, L_000002e0bb066770;  alias, 1 drivers
v000002e0bb07a050_0 .net "i_a", 2 0, v000002e0bb0d06e0_0;  1 drivers
v000002e0bb0795b0_0 .net "i_b", 2 0, v000002e0bb0cfd80_0;  1 drivers
v000002e0bb0796f0_0 .net "o_sum", 3 0, v000002e0bb079ab0_0;  alias, 1 drivers
v000002e0bb0cfc40_0 .net "seg_out", 6 0, L_000002e0bb0d12c0;  1 drivers
LS_000002e0bb0d12c0_0_0 .concat8 [ 1 1 1 1], L_000002e0bb0d0b40, L_000002e0bb0d1720, L_000002e0bb0d10e0, L_000002e0bb0d0780;
LS_000002e0bb0d12c0_0_4 .concat8 [ 1 1 1 0], L_000002e0bb0d1360, L_000002e0bb0d0640, L_000002e0bb0d0500;
L_000002e0bb0d12c0 .concat8 [ 4 3 0 0], LS_000002e0bb0d12c0_0_0, LS_000002e0bb0d12c0_0_4;
S_000002e0bb051810 .scope module, "m1" "adder_nbit" 3 8, 4 1 0, S_000002e0bb051680;
 .timescale 0 0;
    .port_info 0 /INPUT 3 "a";
    .port_info 1 /INPUT 3 "b";
    .port_info 2 /OUTPUT 4 "sum";
P_000002e0bb075180 .param/l "N" 0 4 1, +C4<00000000000000000000000000000011>;
v000002e0bb079510_0 .net "a", 2 0, v000002e0bb0d06e0_0;  alias, 1 drivers
v000002e0bb079bf0_0 .net "b", 2 0, v000002e0bb0cfd80_0;  alias, 1 drivers
v000002e0bb079ab0_0 .var "sum", 3 0;
E_000002e0bb075200 .event anyedge, v000002e0bb079510_0, v000002e0bb079bf0_0;
S_000002e0bb055060 .scope module, "m2" "hex_7seg_decoder" 3 13, 5 2 0, S_000002e0bb051680;
 .timescale 0 0;
    .port_info 0 /INPUT 4 "in";
    .port_info 1 /OUTPUT 1 "o_a";
    .port_info 2 /OUTPUT 1 "o_b";
    .port_info 3 /OUTPUT 1 "o_c";
    .port_info 4 /OUTPUT 1 "o_d";
    .port_info 5 /OUTPUT 1 "o_e";
    .port_info 6 /OUTPUT 1 "o_f";
    .port_info 7 /OUTPUT 1 "o_g";
P_000002e0bb075880 .param/l "COMMON_ANODE_CATHODE" 0 5 2, +C4<00000000000000000000000000000001>;
v000002e0bb079f10_0 .net *"_ivl_8", 6 0, L_000002e0bb0d1400;  1 drivers
v000002e0bb079330_0 .var "a", 0 0;
v000002e0bb07a0f0_0 .var "b", 0 0;
v000002e0bb079e70_0 .var "c", 0 0;
v000002e0bb079dd0_0 .var "d", 0 0;
v000002e0bb079b50_0 .var "e", 0 0;
v000002e0bb079c90_0 .var "f", 0 0;
v000002e0bb07a190_0 .var "g", 0 0;
v000002e0bb079970_0 .net "in", 3 0, v000002e0bb079ab0_0;  alias, 1 drivers
v000002e0bb079790_0 .net "o_a", 0 0, L_000002e0bb0d0500;  1 drivers
v000002e0bb079830_0 .net "o_b", 0 0, L_000002e0bb0d0640;  1 drivers
v000002e0bb07a230_0 .net "o_c", 0 0, L_000002e0bb0d1360;  1 drivers
v000002e0bb079d30_0 .net "o_d", 0 0, L_000002e0bb0d0780;  1 drivers
v000002e0bb0793d0_0 .net "o_e", 0 0, L_000002e0bb0d10e0;  1 drivers
v000002e0bb079650_0 .net "o_f", 0 0, L_000002e0bb0d1720;  1 drivers
v000002e0bb079fb0_0 .net "o_g", 0 0, L_000002e0bb0d0b40;  1 drivers
E_000002e0bb074e80 .event anyedge, v000002e0bb079ab0_0;
L_000002e0bb0d0500 .part L_000002e0bb0d1400, 6, 1;
L_000002e0bb0d0640 .part L_000002e0bb0d1400, 5, 1;
L_000002e0bb0d1360 .part L_000002e0bb0d1400, 4, 1;
L_000002e0bb0d0780 .part L_000002e0bb0d1400, 3, 1;
L_000002e0bb0d10e0 .part L_000002e0bb0d1400, 2, 1;
L_000002e0bb0d1720 .part L_000002e0bb0d1400, 1, 1;
L_000002e0bb0d0b40 .part L_000002e0bb0d1400, 0, 1;
LS_000002e0bb0d1400_0_0 .concat [ 1 1 1 1], v000002e0bb07a190_0, v000002e0bb079c90_0, v000002e0bb079b50_0, v000002e0bb079dd0_0;
LS_000002e0bb0d1400_0_4 .concat [ 1 1 1 0], v000002e0bb079e70_0, v000002e0bb07a0f0_0, v000002e0bb079330_0;
L_000002e0bb0d1400 .concat [ 4 3 0 0], LS_000002e0bb0d1400_0_0, LS_000002e0bb0d1400_0_4;
    .scope S_000002e0bb051810;
T_0 ;
    %wait E_000002e0bb075200;
    %load/vec4 v000002e0bb079510_0;
    %pad/u 4;
    %load/vec4 v000002e0bb079bf0_0;
    %pad/u 4;
    %add;
    %store/vec4 v000002e0bb079ab0_0, 0, 4;
    %jmp T_0;
    .thread T_0, $push;
    .scope S_000002e0bb055060;
T_1 ;
    %wait E_000002e0bb074e80;
    %load/vec4 v000002e0bb079970_0;
    %dup/vec4;
    %pushi/vec4 0, 0, 4;
    %cmp/u;
    %jmp/1 T_1.0, 6;
    %dup/vec4;
    %pushi/vec4 1, 0, 4;
    %cmp/u;
    %jmp/1 T_1.1, 6;
    %dup/vec4;
    %pushi/vec4 2, 0, 4;
    %cmp/u;
    %jmp/1 T_1.2, 6;
    %dup/vec4;
    %pushi/vec4 3, 0, 4;
    %cmp/u;
    %jmp/1 T_1.3, 6;
    %dup/vec4;
    %pushi/vec4 4, 0, 4;
    %cmp/u;
    %jmp/1 T_1.4, 6;
    %dup/vec4;
    %pushi/vec4 5, 0, 4;
    %cmp/u;
    %jmp/1 T_1.5, 6;
    %dup/vec4;
    %pushi/vec4 6, 0, 4;
    %cmp/u;
    %jmp/1 T_1.6, 6;
    %dup/vec4;
    %pushi/vec4 7, 0, 4;
    %cmp/u;
    %jmp/1 T_1.7, 6;
    %dup/vec4;
    %pushi/vec4 8, 0, 4;
    %cmp/u;
    %jmp/1 T_1.8, 6;
    %dup/vec4;
    %pushi/vec4 9, 0, 4;
    %cmp/u;
    %jmp/1 T_1.9, 6;
    %dup/vec4;
    %pushi/vec4 10, 0, 4;
    %cmp/u;
    %jmp/1 T_1.10, 6;
    %dup/vec4;
    %pushi/vec4 11, 0, 4;
    %cmp/u;
    %jmp/1 T_1.11, 6;
    %dup/vec4;
    %pushi/vec4 12, 0, 4;
    %cmp/u;
    %jmp/1 T_1.12, 6;
    %dup/vec4;
    %pushi/vec4 13, 0, 4;
    %cmp/u;
    %jmp/1 T_1.13, 6;
    %dup/vec4;
    %pushi/vec4 14, 0, 4;
    %cmp/u;
    %jmp/1 T_1.14, 6;
    %dup/vec4;
    %pushi/vec4 15, 0, 4;
    %cmp/u;
    %jmp/1 T_1.15, 6;
    %pushi/vec4 126, 0, 7;
    %split/vec4 1;
    %store/vec4 v000002e0bb07a190_0, 0, 1;
    %split/vec4 1;
    %store/vec4 v000002e0bb079c90_0, 0, 1;
    %split/vec4 1;
    %store/vec4 v000002e0bb079b50_0, 0, 1;
    %split/vec4 1;
    %store/vec4 v000002e0bb079dd0_0, 0, 1;
    %split/vec4 1;
    %store/vec4 v000002e0bb079e70_0, 0, 1;
    %split/vec4 1;
    %store/vec4 v000002e0bb07a0f0_0, 0, 1;
    %store/vec4 v000002e0bb079330_0, 0, 1;
    %jmp T_1.17;
T_1.0 ;
    %pushi/vec4 126, 0, 7;
    %split/vec4 1;
    %store/vec4 v000002e0bb07a190_0, 0, 1;
    %split/vec4 1;
    %store/vec4 v000002e0bb079c90_0, 0, 1;
    %split/vec4 1;
    %store/vec4 v000002e0bb079b50_0, 0, 1;
    %split/vec4 1;
    %store/vec4 v000002e0bb079dd0_0, 0, 1;
    %split/vec4 1;
    %store/vec4 v000002e0bb079e70_0, 0, 1;
    %split/vec4 1;
    %store/vec4 v000002e0bb07a0f0_0, 0, 1;
    %store/vec4 v000002e0bb079330_0, 0, 1;
    %jmp T_1.17;
T_1.1 ;
    %pushi/vec4 48, 0, 7;
    %split/vec4 1;
    %store/vec4 v000002e0bb07a190_0, 0, 1;
    %split/vec4 1;
    %store/vec4 v000002e0bb079c90_0, 0, 1;
    %split/vec4 1;
    %store/vec4 v000002e0bb079b50_0, 0, 1;
    %split/vec4 1;
    %store/vec4 v000002e0bb079dd0_0, 0, 1;
    %split/vec4 1;
    %store/vec4 v000002e0bb079e70_0, 0, 1;
    %split/vec4 1;
    %store/vec4 v000002e0bb07a0f0_0, 0, 1;
    %store/vec4 v000002e0bb079330_0, 0, 1;
    %jmp T_1.17;
T_1.2 ;
    %pushi/vec4 109, 0, 7;
    %split/vec4 1;
    %store/vec4 v000002e0bb07a190_0, 0, 1;
    %split/vec4 1;
    %store/vec4 v000002e0bb079c90_0, 0, 1;
    %split/vec4 1;
    %store/vec4 v000002e0bb079b50_0, 0, 1;
    %split/vec4 1;
    %store/vec4 v000002e0bb079dd0_0, 0, 1;
    %split/vec4 1;
    %store/vec4 v000002e0bb079e70_0, 0, 1;
    %split/vec4 1;
    %store/vec4 v000002e0bb07a0f0_0, 0, 1;
    %store/vec4 v000002e0bb079330_0, 0, 1;
    %jmp T_1.17;
T_1.3 ;
    %pushi/vec4 121, 0, 7;
    %split/vec4 1;
    %store/vec4 v000002e0bb07a190_0, 0, 1;
    %split/vec4 1;
    %store/vec4 v000002e0bb079c90_0, 0, 1;
    %split/vec4 1;
    %store/vec4 v000002e0bb079b50_0, 0, 1;
    %split/vec4 1;
    %store/vec4 v000002e0bb079dd0_0, 0, 1;
    %split/vec4 1;
    %store/vec4 v000002e0bb079e70_0, 0, 1;
    %split/vec4 1;
    %store/vec4 v000002e0bb07a0f0_0, 0, 1;
    %store/vec4 v000002e0bb079330_0, 0, 1;
    %jmp T_1.17;
T_1.4 ;
    %pushi/vec4 51, 0, 7;
    %split/vec4 1;
    %store/vec4 v000002e0bb07a190_0, 0, 1;
    %split/vec4 1;
    %store/vec4 v000002e0bb079c90_0, 0, 1;
    %split/vec4 1;
    %store/vec4 v000002e0bb079b50_0, 0, 1;
    %split/vec4 1;
    %store/vec4 v000002e0bb079dd0_0, 0, 1;
    %split/vec4 1;
    %store/vec4 v000002e0bb079e70_0, 0, 1;
    %split/vec4 1;
    %store/vec4 v000002e0bb07a0f0_0, 0, 1;
    %store/vec4 v000002e0bb079330_0, 0, 1;
    %jmp T_1.17;
T_1.5 ;
    %pushi/vec4 91, 0, 7;
    %split/vec4 1;
    %store/vec4 v000002e0bb07a190_0, 0, 1;
    %split/vec4 1;
    %store/vec4 v000002e0bb079c90_0, 0, 1;
    %split/vec4 1;
    %store/vec4 v000002e0bb079b50_0, 0, 1;
    %split/vec4 1;
    %store/vec4 v000002e0bb079dd0_0, 0, 1;
    %split/vec4 1;
    %store/vec4 v000002e0bb079e70_0, 0, 1;
    %split/vec4 1;
    %store/vec4 v000002e0bb07a0f0_0, 0, 1;
    %store/vec4 v000002e0bb079330_0, 0, 1;
    %jmp T_1.17;
T_1.6 ;
    %pushi/vec4 95, 0, 7;
    %split/vec4 1;
    %store/vec4 v000002e0bb07a190_0, 0, 1;
    %split/vec4 1;
    %store/vec4 v000002e0bb079c90_0, 0, 1;
    %split/vec4 1;
    %store/vec4 v000002e0bb079b50_0, 0, 1;
    %split/vec4 1;
    %store/vec4 v000002e0bb079dd0_0, 0, 1;
    %split/vec4 1;
    %store/vec4 v000002e0bb079e70_0, 0, 1;
    %split/vec4 1;
    %store/vec4 v000002e0bb07a0f0_0, 0, 1;
    %store/vec4 v000002e0bb079330_0, 0, 1;
    %jmp T_1.17;
T_1.7 ;
    %pushi/vec4 112, 0, 7;
    %split/vec4 1;
    %store/vec4 v000002e0bb07a190_0, 0, 1;
    %split/vec4 1;
    %store/vec4 v000002e0bb079c90_0, 0, 1;
    %split/vec4 1;
    %store/vec4 v000002e0bb079b50_0, 0, 1;
    %split/vec4 1;
    %store/vec4 v000002e0bb079dd0_0, 0, 1;
    %split/vec4 1;
    %store/vec4 v000002e0bb079e70_0, 0, 1;
    %split/vec4 1;
    %store/vec4 v000002e0bb07a0f0_0, 0, 1;
    %store/vec4 v000002e0bb079330_0, 0, 1;
    %jmp T_1.17;
T_1.8 ;
    %pushi/vec4 127, 0, 7;
    %split/vec4 1;
    %store/vec4 v000002e0bb07a190_0, 0, 1;
    %split/vec4 1;
    %store/vec4 v000002e0bb079c90_0, 0, 1;
    %split/vec4 1;
    %store/vec4 v000002e0bb079b50_0, 0, 1;
    %split/vec4 1;
    %store/vec4 v000002e0bb079dd0_0, 0, 1;
    %split/vec4 1;
    %store/vec4 v000002e0bb079e70_0, 0, 1;
    %split/vec4 1;
    %store/vec4 v000002e0bb07a0f0_0, 0, 1;
    %store/vec4 v000002e0bb079330_0, 0, 1;
    %jmp T_1.17;
T_1.9 ;
    %pushi/vec4 123, 0, 7;
    %split/vec4 1;
    %store/vec4 v000002e0bb07a190_0, 0, 1;
    %split/vec4 1;
    %store/vec4 v000002e0bb079c90_0, 0, 1;
    %split/vec4 1;
    %store/vec4 v000002e0bb079b50_0, 0, 1;
    %split/vec4 1;
    %store/vec4 v000002e0bb079dd0_0, 0, 1;
    %split/vec4 1;
    %store/vec4 v000002e0bb079e70_0, 0, 1;
    %split/vec4 1;
    %store/vec4 v000002e0bb07a0f0_0, 0, 1;
    %store/vec4 v000002e0bb079330_0, 0, 1;
    %jmp T_1.17;
T_1.10 ;
    %pushi/vec4 119, 0, 7;
    %split/vec4 1;
    %store/vec4 v000002e0bb07a190_0, 0, 1;
    %split/vec4 1;
    %store/vec4 v000002e0bb079c90_0, 0, 1;
    %split/vec4 1;
    %store/vec4 v000002e0bb079b50_0, 0, 1;
    %split/vec4 1;
    %store/vec4 v000002e0bb079dd0_0, 0, 1;
    %split/vec4 1;
    %store/vec4 v000002e0bb079e70_0, 0, 1;
    %split/vec4 1;
    %store/vec4 v000002e0bb07a0f0_0, 0, 1;
    %store/vec4 v000002e0bb079330_0, 0, 1;
    %jmp T_1.17;
T_1.11 ;
    %pushi/vec4 31, 0, 7;
    %split/vec4 1;
    %store/vec4 v000002e0bb07a190_0, 0, 1;
    %split/vec4 1;
    %store/vec4 v000002e0bb079c90_0, 0, 1;
    %split/vec4 1;
    %store/vec4 v000002e0bb079b50_0, 0, 1;
    %split/vec4 1;
    %store/vec4 v000002e0bb079dd0_0, 0, 1;
    %split/vec4 1;
    %store/vec4 v000002e0bb079e70_0, 0, 1;
    %split/vec4 1;
    %store/vec4 v000002e0bb07a0f0_0, 0, 1;
    %store/vec4 v000002e0bb079330_0, 0, 1;
    %jmp T_1.17;
T_1.12 ;
    %pushi/vec4 78, 0, 7;
    %split/vec4 1;
    %store/vec4 v000002e0bb07a190_0, 0, 1;
    %split/vec4 1;
    %store/vec4 v000002e0bb079c90_0, 0, 1;
    %split/vec4 1;
    %store/vec4 v000002e0bb079b50_0, 0, 1;
    %split/vec4 1;
    %store/vec4 v000002e0bb079dd0_0, 0, 1;
    %split/vec4 1;
    %store/vec4 v000002e0bb079e70_0, 0, 1;
    %split/vec4 1;
    %store/vec4 v000002e0bb07a0f0_0, 0, 1;
    %store/vec4 v000002e0bb079330_0, 0, 1;
    %jmp T_1.17;
T_1.13 ;
    %pushi/vec4 61, 0, 7;
    %split/vec4 1;
    %store/vec4 v000002e0bb07a190_0, 0, 1;
    %split/vec4 1;
    %store/vec4 v000002e0bb079c90_0, 0, 1;
    %split/vec4 1;
    %store/vec4 v000002e0bb079b50_0, 0, 1;
    %split/vec4 1;
    %store/vec4 v000002e0bb079dd0_0, 0, 1;
    %split/vec4 1;
    %store/vec4 v000002e0bb079e70_0, 0, 1;
    %split/vec4 1;
    %store/vec4 v000002e0bb07a0f0_0, 0, 1;
    %store/vec4 v000002e0bb079330_0, 0, 1;
    %jmp T_1.17;
T_1.14 ;
    %pushi/vec4 79, 0, 7;
    %split/vec4 1;
    %store/vec4 v000002e0bb07a190_0, 0, 1;
    %split/vec4 1;
    %store/vec4 v000002e0bb079c90_0, 0, 1;
    %split/vec4 1;
    %store/vec4 v000002e0bb079b50_0, 0, 1;
    %split/vec4 1;
    %store/vec4 v000002e0bb079dd0_0, 0, 1;
    %split/vec4 1;
    %store/vec4 v000002e0bb079e70_0, 0, 1;
    %split/vec4 1;
    %store/vec4 v000002e0bb07a0f0_0, 0, 1;
    %store/vec4 v000002e0bb079330_0, 0, 1;
    %jmp T_1.17;
T_1.15 ;
    %pushi/vec4 71, 0, 7;
    %split/vec4 1;
    %store/vec4 v000002e0bb07a190_0, 0, 1;
    %split/vec4 1;
    %store/vec4 v000002e0bb079c90_0, 0, 1;
    %split/vec4 1;
    %store/vec4 v000002e0bb079b50_0, 0, 1;
    %split/vec4 1;
    %store/vec4 v000002e0bb079dd0_0, 0, 1;
    %split/vec4 1;
    %store/vec4 v000002e0bb079e70_0, 0, 1;
    %split/vec4 1;
    %store/vec4 v000002e0bb07a0f0_0, 0, 1;
    %store/vec4 v000002e0bb079330_0, 0, 1;
    %jmp T_1.17;
T_1.17 ;
    %pop/vec4 1;
    %jmp T_1;
    .thread T_1, $push;
    .scope S_000002e0bb07a2f0;
T_2 ;
    %vpi_call 2 12 "$dumpfile", "nbit_adder_top.vcd" {0 0 0};
    %vpi_call 2 13 "$dumpvars", 32'sb00000000000000000000000000000000, S_000002e0bb07a2f0 {0 0 0};
    %vpi_call 2 14 "$monitor", $time, "i_a = %d,    i_b = %d,    o_sum = %d,  segmented_display = %b", v000002e0bb0d06e0_0, v000002e0bb0cfd80_0, v000002e0bb0d0460_0, v000002e0bb0d0aa0_0 {0 0 0};
    %delay 1000, 0;
    %pushi/vec4 0, 0, 3;
    %store/vec4 v000002e0bb0d06e0_0, 0, 3;
    %pushi/vec4 0, 0, 3;
    %store/vec4 v000002e0bb0cfd80_0, 0, 3;
    %fork t_1, S_000002e0bb0648a0;
    %jmp t_0;
    .scope S_000002e0bb0648a0;
t_1 ;
    %pushi/vec4 0, 0, 32;
    %store/vec4 v000002e0bb079470_0, 0, 32;
T_2.0 ;
    %load/vec4 v000002e0bb079470_0;
    %cmpi/s 8, 0, 32;
    %jmp/0xz T_2.1, 5;
    %fork t_3, S_000002e0bb064a30;
    %jmp t_2;
    .scope S_000002e0bb064a30;
t_3 ;
    %pushi/vec4 0, 0, 32;
    %store/vec4 v000002e0bb0798d0_0, 0, 32;
T_2.2 ;
    %load/vec4 v000002e0bb0798d0_0;
    %cmpi/s 8, 0, 32;
    %jmp/0xz T_2.3, 5;
    %delay 1000, 0;
    %load/vec4 v000002e0bb079470_0;
    %pad/s 3;
    %store/vec4 v000002e0bb0d06e0_0, 0, 3;
    %load/vec4 v000002e0bb0798d0_0;
    %pad/s 3;
    %store/vec4 v000002e0bb0cfd80_0, 0, 3;
    ; show_stmt_assign_vector: Get l-value for compressed += operand
    %load/vec4 v000002e0bb0798d0_0;
    %pushi/vec4 1, 0, 32;
    %add;
    %store/vec4 v000002e0bb0798d0_0, 0, 32;
    %jmp T_2.2;
T_2.3 ;
    %end;
    .scope S_000002e0bb0648a0;
t_2 %join;
    ; show_stmt_assign_vector: Get l-value for compressed += operand
    %load/vec4 v000002e0bb079470_0;
    %pushi/vec4 1, 0, 32;
    %add;
    %store/vec4 v000002e0bb079470_0, 0, 32;
    %jmp T_2.0;
T_2.1 ;
    %end;
    .scope S_000002e0bb07a2f0;
t_0 %join;
    %end;
    .thread T_2;
# The file index is used to find the file name in the following table.
:file_names 6;
    "N/A";
    "<interactive>";
    "adder_nbit_top_tb.v";
    "adder_nbit_top.v";
    "adder_nbit.v";
    "hex_7seg_decoder.v";
