#! /mingw64/bin/vvp
:ivl_version "12.0 (stable)";
:ivl_delay_selection "TYPICAL";
:vpi_time_precision - 12;
:vpi_module "C:\msys64\mingw64\lib\ivl\system.vpi";
:vpi_module "C:\msys64\mingw64\lib\ivl\vhdl_sys.vpi";
:vpi_module "C:\msys64\mingw64\lib\ivl\vhdl_textio.vpi";
:vpi_module "C:\msys64\mingw64\lib\ivl\v2005_math.vpi";
:vpi_module "C:\msys64\mingw64\lib\ivl\va_math.vpi";
S_00000212380a9ab0 .scope module, "stimulus" "stimulus" 2 3;
 .timescale -9 -12;
P_00000212380a7650 .param/l "BUS_WIDTH" 0 2 4, +C4<00000000000000000000000000000100>;
P_00000212380a7688 .param/l "CLK_1s" 0 2 9, +C4<0000000000000000000000000000000000111011100110101100101000000000>;
P_00000212380a76c0 .param/l "CLK_HALF_PERIOD_ns" 0 2 10, +C4<00000000000000000000000000001010>;
P_00000212380a76f8 .param/l "LED_FREQ" 0 2 11, +C4<00000000000000000000000000000100>;
v00000212380fd310_0 .var "clk", 0 0;
v00000212380fdbd0_0 .net "o_LED", 3 0, L_000002123809d300;  1 drivers
v00000212380fdf90_0 .var "rst_n", 0 0;
E_00000212380a3460 .event posedge, v00000212380fd630_0;
E_00000212380a30a0 .event posedge, v00000212380fdc70_0;
S_0000021238099620 .scope module, "uut" "blinky_led" 2 16, 3 1 0, S_00000212380a9ab0;
 .timescale 0 0;
    .port_info 0 /INPUT 1 "clk";
    .port_info 1 /INPUT 1 "rst_n";
    .port_info 2 /OUTPUT 4 "o_LED";
P_00000212380997b0 .param/l "BUS_WIDTH" 0 3 4, +C4<00000000000000000000000000000100>;
P_00000212380997e8 .param/l "CLOCK_FREQ" 0 3 2, +C4<000000000000000000000000000000000000000000000000000000000000000100101010000001011111001000000000>;
P_0000021238099820 .param/l "CNT_MAX" 1 3 24, +C4<000000000000000000000000000000000000000000000000000000000000000000000100101010000001011111000111111>;
P_0000021238099858 .param/l "CNT_WIDTH" 1 3 23, +C4<00000000000000000000000000011111>;
P_0000021238099890 .param/l "FREQ_RATIO" 1 3 22, +C4<00000000000000000000000000000000000000000000000000000000000000000001001010100000010111110010000000>;
P_00000212380998c8 .param/l "LED_FREQ" 0 3 3, +C4<00000000000000000000000000000100>;
L_000002123809d300 .functor NOT 4, v00000212380fd180_0, C4<0000>, C4<0000>, C4<0000>;
v00000212380fd180_0 .var "LED", 3 0;
v00000212380fd220_0 .net *"_ivl_0", 98 0, L_00000212380fd590;  1 drivers
L_00000212380fe2d8 .functor BUFT 1, C4<00000000000000000000000000000000000000000000000000000000000000000000>, C4<0>, C4<0>, C4<0>;
v00000212380fd8b0_0 .net *"_ivl_3", 67 0, L_00000212380fe2d8;  1 drivers
L_00000212380fe320 .functor BUFT 1, C4<000000000000000000000000000000000000000000000000000000000000000000000100101010000001011111000111111>, C4<0>, C4<0>, C4<0>;
v00000212380fe0d0_0 .net/2u *"_ivl_4", 98 0, L_00000212380fe320;  1 drivers
v00000212380fdc70_0 .net "clk", 0 0, v00000212380fd310_0;  1 drivers
v00000212380fdb30_0 .var "counter", 30 0;
v00000212380fd950_0 .net "counter_max", 0 0, L_00000212380fd6d0;  1 drivers
v00000212380fd630_0 .net "o_LED", 3 0, L_000002123809d300;  alias, 1 drivers
v00000212380fd4f0_0 .net "rst_n", 0 0, v00000212380fdf90_0;  1 drivers
E_00000212380a3160/0 .event negedge, v00000212380fd4f0_0;
E_00000212380a3160/1 .event posedge, v00000212380fdc70_0;
E_00000212380a3160 .event/or E_00000212380a3160/0, E_00000212380a3160/1;
L_00000212380fd590 .concat [ 31 68 0 0], v00000212380fdb30_0, L_00000212380fe2d8;
L_00000212380fd6d0 .cmp/eq 99, L_00000212380fd590, L_00000212380fe320;
S_0000021238099910 .scope function.vec4.u32, "clogb2" "clogb2" 3 13, 3 13 0, S_0000021238099620;
 .timescale 0 0;
; Variable clogb2 is vec4 return value of scope S_0000021238099910
v00000212380a88c0_0 .var/i "i", 31 0;
v00000212380fd0e0_0 .var "value", 31 0;
TD_stimulus.uut.clogb2 ;
    %pushi/vec4 0, 0, 32;
    %ret/vec4 0, 0, 32;  Assign to clogb2 (store_vec4_to_lval)
    %pushi/vec4 0, 0, 32;
    %store/vec4 v00000212380a88c0_0, 0, 32;
T_0.0 ;
    %pushi/vec4 2, 0, 32;
    %load/vec4 v00000212380a88c0_0;
    %pow/s;
    %load/vec4 v00000212380fd0e0_0;
    %cmp/u;
    %jmp/0xz T_0.1, 5;
    %load/vec4 v00000212380a88c0_0;
    %addi 1, 0, 32;
    %ret/vec4 0, 0, 32;  Assign to clogb2 (store_vec4_to_lval)
    %load/vec4 v00000212380a88c0_0;
    %addi 1, 0, 32;
    %store/vec4 v00000212380a88c0_0, 0, 32;
    %jmp T_0.0;
T_0.1 ;
    %end;
    .scope S_0000021238099620;
T_1 ;
    %wait E_00000212380a3160;
    %load/vec4 v00000212380fd4f0_0;
    %nor/r;
    %flag_set/vec4 8;
    %jmp/0xz  T_1.0, 8;
    %pushi/vec4 0, 0, 31;
    %assign/vec4 v00000212380fdb30_0, 0;
    %jmp T_1.1;
T_1.0 ;
    %load/vec4 v00000212380fd950_0;
    %flag_set/vec4 8;
    %jmp/0xz  T_1.2, 8;
    %pushi/vec4 0, 0, 31;
    %assign/vec4 v00000212380fdb30_0, 0;
    %jmp T_1.3;
T_1.2 ;
    %load/vec4 v00000212380fdb30_0;
    %addi 1, 0, 31;
    %assign/vec4 v00000212380fdb30_0, 0;
T_1.3 ;
T_1.1 ;
    %jmp T_1;
    .thread T_1;
    .scope S_0000021238099620;
T_2 ;
    %wait E_00000212380a3160;
    %load/vec4 v00000212380fd4f0_0;
    %nor/r;
    %flag_set/vec4 8;
    %jmp/0xz  T_2.0, 8;
    %pushi/vec4 0, 0, 4;
    %assign/vec4 v00000212380fd180_0, 0;
    %jmp T_2.1;
T_2.0 ;
    %load/vec4 v00000212380fd950_0;
    %flag_set/vec4 8;
    %jmp/0xz  T_2.2, 8;
    %load/vec4 v00000212380fd180_0;
    %inv;
    %assign/vec4 v00000212380fd180_0, 0;
T_2.2 ;
T_2.1 ;
    %jmp T_2;
    .thread T_2;
    .scope S_00000212380a9ab0;
T_3 ;
    %pushi/vec4 0, 0, 1;
    %store/vec4 v00000212380fd310_0, 0, 1;
    %end;
    .thread T_3;
    .scope S_00000212380a9ab0;
T_4 ;
    %delay 10000, 0;
    %load/vec4 v00000212380fd310_0;
    %inv;
    %store/vec4 v00000212380fd310_0, 0, 1;
    %jmp T_4;
    .thread T_4;
    .scope S_00000212380a9ab0;
T_5 ;
    %vpi_call 2 25 "$dumpfile", "blinky_led.vcd" {0 0 0};
    %vpi_call 2 26 "$dumpvars", 32'sb00000000000000000000000000000000, S_00000212380a9ab0 {0 0 0};
    %pushi/vec4 0, 0, 1;
    %store/vec4 v00000212380fdf90_0, 0, 1;
    %pushi/vec4 5, 0, 32;
T_5.0 %dup/vec4;
    %pushi/vec4 0, 0, 32;
    %cmp/s;
    %jmp/1xz T_5.1, 5;
    %jmp/1 T_5.1, 4;
    %pushi/vec4 1, 0, 32;
    %sub;
    %wait E_00000212380a30a0;
    %jmp T_5.0;
T_5.1 ;
    %pop/vec4 1;
    %pushi/vec4 1, 0, 1;
    %store/vec4 v00000212380fdf90_0, 0, 1;
    %pushi/vec4 5, 0, 32;
T_5.2 %dup/vec4;
    %pushi/vec4 0, 0, 32;
    %cmp/s;
    %jmp/1xz T_5.3, 5;
    %jmp/1 T_5.3, 4;
    %pushi/vec4 1, 0, 32;
    %sub;
    %wait E_00000212380a3460;
    %jmp T_5.2;
T_5.3 ;
    %pop/vec4 1;
    %delay 100000, 0;
    %vpi_call 2 31 "$finish" {0 0 0};
    %end;
    .thread T_5;
# The file index is used to find the file name in the following table.
:file_names 4;
    "N/A";
    "<interactive>";
    "blinky_led_tb.v";
    "blinky_led.v";
