#! /mingw64/bin/vvp
:ivl_version "12.0 (stable)";
:ivl_delay_selection "TYPICAL";
:vpi_time_precision - 12;
:vpi_module "C:\msys64\mingw64\lib\ivl\system.vpi";
:vpi_module "C:\msys64\mingw64\lib\ivl\vhdl_sys.vpi";
:vpi_module "C:\msys64\mingw64\lib\ivl\vhdl_textio.vpi";
:vpi_module "C:\msys64\mingw64\lib\ivl\v2005_math.vpi";
:vpi_module "C:\msys64\mingw64\lib\ivl\va_math.vpi";
S_0000012b23d74800 .scope module, "stimulus" "stimulus" 2 5;
 .timescale -9 -12;
v0000012b23de8df0_0 .var/i "error_count", 31 0;
v0000012b23de91b0_0 .var/i "i", 31 0;
v0000012b23de9250_0 .var "i_noise", 4 0;
v0000012b23de92f0_0 .var "i_secded", 3 0;
v0000012b23de94d0_0 .var/i "idx", 31 0;
v0000012b23de9570_0 .net "o_1bit_error", 0 0, L_0000012b23d7a5b0;  1 drivers
v0000012b23deacc0_0 .net "o_2bit_error", 0 0, L_0000012b23d7a930;  1 drivers
v0000012b23dea400_0 .net "o_7seg", 6 0, L_0000012b23dea2c0;  1 drivers
v0000012b23de9fa0_0 .net "o_parity_error", 0 0, L_0000012b23d7a3f0;  1 drivers
v0000012b23deb580_0 .net "o_secded", 3 0, L_0000012b23deac20;  1 drivers
v0000012b23deb260_0 .var/i "seed", 31 0;
v0000012b23deb800_0 .var/i "success_count", 31 0;
v0000012b23deafe0_0 .var/i "test_count", 31 0;
S_0000012b23d74990 .scope task, "compare_data" "compare_data" 2 105, 2 105 0, S_0000012b23d74800;
 .timescale -9 -12;
v0000012b23d880f0_0 .var "dut_1bit_error", 0 0;
v0000012b23d87650_0 .var "dut_2bit_error", 0 0;
v0000012b23d88eb0_0 .var "dut_parity_error", 0 0;
v0000012b23d88550_0 .var "exp_1bit_error", 0 0;
v0000012b23d88190_0 .var "exp_2bit_error", 0 0;
v0000012b23d89130_0 .var "exp_parity_error", 0 0;
v0000012b23d89270_0 .var "in_secded", 3 0;
v0000012b23d89310_0 .var "out_secded", 3 0;
TD_stimulus.compare_data ;
    %load/vec4 v0000012b23d88190_0;
    %nor/r;
    %flag_set/vec4 8;
    %jmp/0xz  T_0.0, 8;
    %load/vec4 v0000012b23d89270_0;
    %load/vec4 v0000012b23d89310_0;
    %cmp/e;
    %flag_get/vec4 6;
    %jmp/0 T_0.5, 6;
    %load/vec4 v0000012b23d88550_0;
    %load/vec4 v0000012b23d880f0_0;
    %cmp/e;
    %flag_get/vec4 6;
    %and;
T_0.5;
    %flag_set/vec4 9;
    %flag_get/vec4 9;
    %jmp/0 T_0.4, 9;
    %load/vec4 v0000012b23d89130_0;
    %load/vec4 v0000012b23d88eb0_0;
    %cmp/e;
    %flag_get/vec4 6;
    %and;
T_0.4;
    %flag_set/vec4 8;
    %jmp/0xz  T_0.2, 8;
    %vpi_call 2 119 "$display", "%0t: SUCCESS  i_secded=%b o_secded=%b 1bit=%b parity=%b", $time, v0000012b23d89270_0, v0000012b23d89310_0, v0000012b23d880f0_0, v0000012b23d88eb0_0 {0 0 0};
    %load/vec4 v0000012b23deb800_0;
    %addi 1, 0, 32;
    %store/vec4 v0000012b23deb800_0, 0, 32;
    %jmp T_0.3;
T_0.2 ;
    %vpi_call 2 123 "$display", "%0t: ERROR    i_secded=%b o_secded=%b 1bit_exp=%b 1bit_dut=%b parity_exp=%b parity_dut=%b", $time, v0000012b23d89270_0, v0000012b23d89310_0, v0000012b23d88550_0, v0000012b23d880f0_0, v0000012b23d89130_0, v0000012b23d88eb0_0 {0 0 0};
    %load/vec4 v0000012b23de8df0_0;
    %addi 1, 0, 32;
    %store/vec4 v0000012b23de8df0_0, 0, 32;
T_0.3 ;
    %jmp T_0.1;
T_0.0 ;
    %load/vec4 v0000012b23d88190_0;
    %load/vec4 v0000012b23d87650_0;
    %cmp/e;
    %jmp/0xz  T_0.6, 6;
    %vpi_call 2 130 "$display", "%0t: SUCCESS  i_secded=%b o_secded=%b 2bit=%b", $time, v0000012b23d89270_0, v0000012b23d89310_0, v0000012b23d87650_0 {0 0 0};
    %load/vec4 v0000012b23deb800_0;
    %addi 1, 0, 32;
    %store/vec4 v0000012b23deb800_0, 0, 32;
    %jmp T_0.7;
T_0.6 ;
    %vpi_call 2 134 "$display", "%0t: ERROR    i_secded=%b o_secded=%b 2bit_exp=%b 2bit_dut=%b", $time, v0000012b23d89270_0, v0000012b23d89310_0, v0000012b23d88190_0, v0000012b23d87650_0 {0 0 0};
    %load/vec4 v0000012b23de8df0_0;
    %addi 1, 0, 32;
    %store/vec4 v0000012b23de8df0_0, 0, 32;
T_0.7 ;
T_0.1 ;
    %load/vec4 v0000012b23deafe0_0;
    %addi 1, 0, 32;
    %store/vec4 v0000012b23deafe0_0, 0, 32;
    %end;
S_0000012b23d4adb0 .scope module, "uut" "hamming_secded_top" 2 22, 3 1 0, S_0000012b23d74800;
 .timescale 0 0;
    .port_info 0 /INPUT 4 "i_secded";
    .port_info 1 /INPUT 5 "i_noise";
    .port_info 2 /OUTPUT 7 "o_7seg";
    .port_info 3 /OUTPUT 4 "o_secded";
    .port_info 4 /OUTPUT 1 "o_1bit_error";
    .port_info 5 /OUTPUT 1 "o_2bit_error";
    .port_info 6 /OUTPUT 1 "o_parity_error";
L_0000012b24128170 .functor BUFT 1, C4<0>, C4<0>, C4<0>, C4<0>;
v0000012b23de8030_0 .net/2u *"_ivl_5", 0 0, L_0000012b24128170;  1 drivers
L_0000012b241281b8 .functor BUFT 1, C4<0>, C4<0>, C4<0>, C4<0>;
v0000012b23de9890_0 .net/2u *"_ivl_9", 0 0, L_0000012b241281b8;  1 drivers
v0000012b23de8170_0 .net "enc_hamming_code", 6 0, L_0000012b23deb1c0;  1 drivers
v0000012b23de8a30_0 .net "enc_parity", 0 0, L_0000012b23dea540;  1 drivers
v0000012b23de8fd0_0 .net "i_noise", 4 0, v0000012b23de9250_0;  1 drivers
v0000012b23de8350_0 .net "i_secded", 3 0, v0000012b23de92f0_0;  1 drivers
v0000012b23de83f0_0 .net "in_7seg", 2 0, v0000012b23de8f30_0;  1 drivers
v0000012b23de9070_0 .net "o_1bit_error", 0 0, L_0000012b23d7a5b0;  alias, 1 drivers
v0000012b23de99d0_0 .net "o_2bit_error", 0 0, L_0000012b23d7a930;  alias, 1 drivers
v0000012b23de8490_0 .net "o_7seg", 6 0, L_0000012b23dea2c0;  alias, 1 drivers
v0000012b23de8670_0 .net "o_noise_hamming_code", 6 0, L_0000012b23dea040;  1 drivers
v0000012b23de8d50_0 .net "o_noise_parity", 0 0, L_0000012b23de9dc0;  1 drivers
v0000012b23de88f0_0 .net "o_parity_error", 0 0, L_0000012b23d7a3f0;  alias, 1 drivers
v0000012b23de8b70_0 .net "o_secded", 3 0, L_0000012b23deac20;  alias, 1 drivers
v0000012b23de8c10_0 .net "o_syndrome", 6 0, L_0000012b23d7b180;  1 drivers
L_0000012b23de9d20 .concat [ 7 1 0 0], L_0000012b23deb1c0, L_0000012b23dea540;
L_0000012b23de9dc0 .part L_0000012b23d7a460, 7, 1;
L_0000012b23dea040 .part L_0000012b23d7a460, 0, 7;
L_0000012b23deaf40 .concat [ 7 1 0 0], L_0000012b23d7b180, L_0000012b24128170;
L_0000012b23deb080 .concat [ 3 1 0 0], v0000012b23de8f30_0, L_0000012b241281b8;
LS_0000012b23dea2c0_0_0 .concat8 [ 1 1 1 1], L_0000012b23de9e60, L_0000012b23dead60, L_0000012b23deb9e0, L_0000012b23deb760;
LS_0000012b23dea2c0_0_4 .concat8 [ 1 1 1 0], L_0000012b23de9be0, L_0000012b23deb8a0, L_0000012b23deb3a0;
L_0000012b23dea2c0 .concat8 [ 4 3 0 0], LS_0000012b23dea2c0_0_0, LS_0000012b23dea2c0_0_4;
S_0000012b23d4af40 .scope module, "m1" "hamming_74_enco" 3 21, 4 1 0, S_0000012b23d4adb0;
 .timescale 0 0;
    .port_info 0 /INPUT 4 "i_data";
    .port_info 1 /OUTPUT 7 "o_hamming_code";
    .port_info 2 /OUTPUT 1 "o_parity";
v0000012b23d87470_0 .net *"_ivl_1", 2 0, L_0000012b23dea4a0;  1 drivers
v0000012b23d884b0_0 .net *"_ivl_3", 0 0, L_0000012b23deae00;  1 drivers
v0000012b23d88230_0 .net "i_data", 3 0, v0000012b23de92f0_0;  alias, 1 drivers
v0000012b23d87fb0_0 .net "o_hamming_code", 6 0, L_0000012b23deb1c0;  alias, 1 drivers
v0000012b23d88730_0 .net "o_parity", 0 0, L_0000012b23dea540;  alias, 1 drivers
v0000012b23d87510_0 .var "p1", 0 0;
v0000012b23d87790_0 .var "p2", 0 0;
v0000012b23d88af0_0 .var "p4", 0 0;
E_0000012b23d7ea30 .event anyedge, v0000012b23d88230_0;
L_0000012b23dea4a0 .part v0000012b23de92f0_0, 1, 3;
L_0000012b23deae00 .part v0000012b23de92f0_0, 0, 1;
LS_0000012b23deb1c0_0_0 .concat [ 1 1 1 1], v0000012b23d87510_0, v0000012b23d87790_0, L_0000012b23deae00, v0000012b23d88af0_0;
LS_0000012b23deb1c0_0_4 .concat [ 3 0 0 0], L_0000012b23dea4a0;
L_0000012b23deb1c0 .concat [ 4 3 0 0], LS_0000012b23deb1c0_0_0, LS_0000012b23deb1c0_0_4;
L_0000012b23dea540 .reduce/xor L_0000012b23deb1c0;
S_0000012b23d44ca0 .scope module, "m2" "noise_adder" 3 24, 5 1 0, S_0000012b23d4adb0;
 .timescale 0 0;
    .port_info 0 /INPUT 8 "i_data";
    .port_info 1 /INPUT 5 "i_noise";
    .port_info 2 /OUTPUT 8 "o_data";
L_0000012b23d7a460 .functor XOR 8, L_0000012b23de9d20, L_0000012b23dea0e0, C4<00000000>, C4<00000000>;
v0000012b23d88870_0 .net *"_ivl_3", 0 0, L_0000012b23deab80;  1 drivers
v0000012b23d88370_0 .net *"_ivl_4", 7 0, L_0000012b23dea0e0;  1 drivers
v0000012b23d876f0_0 .net "error_at_bit", 2 0, L_0000012b23deb120;  1 drivers
v0000012b23d88910_0 .net "i_data", 7 0, L_0000012b23de9d20;  1 drivers
v0000012b23d887d0_0 .net "i_noise", 4 0, v0000012b23de9250_0;  alias, 1 drivers
v0000012b23d87a10_0 .var "noise", 6 0;
v0000012b23d87830_0 .net "o_data", 7 0, L_0000012b23d7a460;  1 drivers
E_0000012b23d7e4b0 .event anyedge, v0000012b23d887d0_0;
L_0000012b23deb120 .part v0000012b23de9250_0, 0, 3;
L_0000012b23deab80 .part v0000012b23de9250_0, 4, 1;
L_0000012b23dea0e0 .concat [ 7 1 0 0], v0000012b23d87a10_0, L_0000012b23deab80;
S_0000012b23d44e30 .scope module, "m3" "hamming_74_dec" 3 30, 6 1 0, S_0000012b23d4adb0;
 .timescale 0 0;
    .port_info 0 /INPUT 7 "i_data";
    .port_info 1 /INPUT 1 "i_parity";
    .port_info 2 /OUTPUT 7 "o_syndrome";
    .port_info 3 /OUTPUT 4 "o_data";
    .port_info 4 /OUTPUT 1 "o_1bit_error";
    .port_info 5 /OUTPUT 1 "o_2bit_error";
    .port_info 6 /OUTPUT 1 "o_parity_error";
L_0000012b23d7aaf0 .functor XOR 7, v0000012b23de9430_0, L_0000012b23dea040, C4<0000000>, C4<0000000>;
L_0000012b23d7b180 .functor BUFZ 7, v0000012b23de9430_0, C4<0000000>, C4<0000000>, C4<0000000>;
L_0000012b23d7a5b0 .functor AND 1, L_0000012b23deaae0, L_0000012b23dea360, C4<1>, C4<1>;
L_0000012b23d7a4d0 .functor NOT 1, L_0000012b23dea360, C4<0>, C4<0>, C4<0>;
L_0000012b23d7a930 .functor AND 1, L_0000012b23dea220, L_0000012b23d7a4d0, C4<1>, C4<1>;
L_0000012b23d7a3f0 .functor AND 1, L_0000012b23deaea0, L_0000012b23dea360, C4<1>, C4<1>;
L_0000012b24128098 .functor BUFT 1, C4<000>, C4<0>, C4<0>, C4<0>;
v0000012b23d889b0_0 .net/2u *"_ivl_10", 2 0, L_0000012b24128098;  1 drivers
v0000012b23d878d0_0 .net *"_ivl_12", 0 0, L_0000012b23deaae0;  1 drivers
v0000012b23d87970_0 .net *"_ivl_16", 2 0, L_0000012b23deb300;  1 drivers
L_0000012b241280e0 .functor BUFT 1, C4<000>, C4<0>, C4<0>, C4<0>;
v0000012b23d87ab0_0 .net/2u *"_ivl_18", 2 0, L_0000012b241280e0;  1 drivers
v0000012b23d88e10_0 .net *"_ivl_20", 0 0, L_0000012b23dea220;  1 drivers
v0000012b23d87e70_0 .net *"_ivl_22", 0 0, L_0000012b23d7a4d0;  1 drivers
v0000012b23d88410_0 .net *"_ivl_26", 2 0, L_0000012b23dea860;  1 drivers
L_0000012b24128128 .functor BUFT 1, C4<000>, C4<0>, C4<0>, C4<0>;
v0000012b23d88f50_0 .net/2u *"_ivl_28", 2 0, L_0000012b24128128;  1 drivers
v0000012b23d87b50_0 .net *"_ivl_30", 0 0, L_0000012b23deaea0;  1 drivers
v0000012b23d88b90_0 .net *"_ivl_35", 2 0, L_0000012b23dea180;  1 drivers
v0000012b23d87bf0_0 .net *"_ivl_37", 0 0, L_0000012b23deb4e0;  1 drivers
v0000012b23d87d30_0 .net *"_ivl_4", 7 0, L_0000012b23deb6c0;  1 drivers
v0000012b23d87dd0_0 .net *"_ivl_8", 2 0, L_0000012b23de9c80;  1 drivers
v0000012b23d885f0_0 .net "data_decoded", 6 0, L_0000012b23d7aaf0;  1 drivers
v0000012b23d87f10_0 .net "i_data", 6 0, L_0000012b23dea040;  alias, 1 drivers
v0000012b23d88690_0 .net "i_parity", 0 0, L_0000012b23de9dc0;  alias, 1 drivers
v0000012b23de7d10_0 .net "o_1bit_error", 0 0, L_0000012b23d7a5b0;  alias, 1 drivers
v0000012b23de8530_0 .net "o_2bit_error", 0 0, L_0000012b23d7a930;  alias, 1 drivers
v0000012b23de7db0_0 .net "o_data", 3 0, L_0000012b23deac20;  alias, 1 drivers
v0000012b23de7f90_0 .net "o_parity_error", 0 0, L_0000012b23d7a3f0;  alias, 1 drivers
v0000012b23de8710_0 .net "o_syndrome", 6 0, L_0000012b23d7b180;  alias, 1 drivers
v0000012b23de8e90_0 .net "overall_parity", 0 0, L_0000012b23dea360;  1 drivers
v0000012b23de9610_0 .var "p1", 0 0;
v0000012b23de7ef0_0 .var "p2", 0 0;
v0000012b23de96b0_0 .var "p4", 0 0;
v0000012b23de9430_0 .var "syndrome", 6 0;
E_0000012b23d7ec70 .event anyedge, v0000012b23de96b0_0, v0000012b23de7ef0_0, v0000012b23de9610_0;
E_0000012b23d7e5b0 .event anyedge, v0000012b23d87f10_0;
L_0000012b23deb6c0 .concat [ 7 1 0 0], L_0000012b23dea040, L_0000012b23de9dc0;
L_0000012b23dea360 .reduce/xor L_0000012b23deb6c0;
L_0000012b23de9c80 .concat [ 1 1 1 0], v0000012b23de9610_0, v0000012b23de7ef0_0, v0000012b23de96b0_0;
L_0000012b23deaae0 .cmp/ne 3, L_0000012b23de9c80, L_0000012b24128098;
L_0000012b23deb300 .concat [ 1 1 1 0], v0000012b23de9610_0, v0000012b23de7ef0_0, v0000012b23de96b0_0;
L_0000012b23dea220 .cmp/ne 3, L_0000012b23deb300, L_0000012b241280e0;
L_0000012b23dea860 .concat [ 1 1 1 0], v0000012b23de9610_0, v0000012b23de7ef0_0, v0000012b23de96b0_0;
L_0000012b23deaea0 .cmp/eq 3, L_0000012b23dea860, L_0000012b24128128;
L_0000012b23dea180 .part L_0000012b23d7aaf0, 4, 3;
L_0000012b23deb4e0 .part L_0000012b23d7aaf0, 2, 1;
L_0000012b23deac20 .concat [ 1 3 0 0], L_0000012b23deb4e0, L_0000012b23dea180;
S_0000012b23d367e0 .scope module, "m4" "priority_encoder" 3 41, 7 2 0, S_0000012b23d4adb0;
 .timescale 0 0;
    .port_info 0 /INPUT 8 "d";
    .port_info 1 /OUTPUT 3 "q";
    .port_info 2 /OUTPUT 1 "v";
v0000012b23de8990_0 .net "d", 7 0, L_0000012b23deaf40;  1 drivers
v0000012b23de8f30_0 .var "q", 2 0;
v0000012b23de8cb0_0 .var "v", 0 0;
E_0000012b23d7f370 .event anyedge, v0000012b23de8990_0;
S_0000012b23d36970 .scope module, "m5" "hex_7seg_decoder" 3 48, 8 2 0, S_0000012b23d4adb0;
 .timescale 0 0;
    .port_info 0 /INPUT 4 "in";
    .port_info 1 /OUTPUT 1 "o_a";
    .port_info 2 /OUTPUT 1 "o_b";
    .port_info 3 /OUTPUT 1 "o_c";
    .port_info 4 /OUTPUT 1 "o_d";
    .port_info 5 /OUTPUT 1 "o_e";
    .port_info 6 /OUTPUT 1 "o_f";
    .port_info 7 /OUTPUT 1 "o_g";
P_0000012b23d7e6b0 .param/l "COMMON_ANODE_CATHODE" 0 8 2, +C4<00000000000000000000000000000001>;
v0000012b23de8ad0_0 .net *"_ivl_8", 6 0, L_0000012b23deb440;  1 drivers
v0000012b23de85d0_0 .var "a", 0 0;
v0000012b23de9750_0 .var "b", 0 0;
v0000012b23de97f0_0 .var "c", 0 0;
v0000012b23de87b0_0 .var "d", 0 0;
v0000012b23de7b30_0 .var "e", 0 0;
v0000012b23de7c70_0 .var "f", 0 0;
v0000012b23de80d0_0 .var "g", 0 0;
v0000012b23de9930_0 .net "in", 3 0, L_0000012b23deb080;  1 drivers
v0000012b23de7bd0_0 .net "o_a", 0 0, L_0000012b23de9e60;  1 drivers
v0000012b23de7e50_0 .net "o_b", 0 0, L_0000012b23dead60;  1 drivers
v0000012b23de9390_0 .net "o_c", 0 0, L_0000012b23deb9e0;  1 drivers
v0000012b23de8210_0 .net "o_d", 0 0, L_0000012b23deb760;  1 drivers
v0000012b23de82b0_0 .net "o_e", 0 0, L_0000012b23de9be0;  1 drivers
v0000012b23de8850_0 .net "o_f", 0 0, L_0000012b23deb8a0;  1 drivers
v0000012b23de9110_0 .net "o_g", 0 0, L_0000012b23deb3a0;  1 drivers
E_0000012b23d7fa70 .event anyedge, v0000012b23de9930_0;
L_0000012b23de9e60 .part L_0000012b23deb440, 6, 1;
L_0000012b23dead60 .part L_0000012b23deb440, 5, 1;
L_0000012b23deb9e0 .part L_0000012b23deb440, 4, 1;
L_0000012b23deb760 .part L_0000012b23deb440, 3, 1;
L_0000012b23de9be0 .part L_0000012b23deb440, 2, 1;
L_0000012b23deb8a0 .part L_0000012b23deb440, 1, 1;
L_0000012b23deb3a0 .part L_0000012b23deb440, 0, 1;
LS_0000012b23deb440_0_0 .concat [ 1 1 1 1], v0000012b23de80d0_0, v0000012b23de7c70_0, v0000012b23de7b30_0, v0000012b23de87b0_0;
LS_0000012b23deb440_0_4 .concat [ 1 1 1 0], v0000012b23de97f0_0, v0000012b23de9750_0, v0000012b23de85d0_0;
L_0000012b23deb440 .concat [ 4 3 0 0], LS_0000012b23deb440_0_0, LS_0000012b23deb440_0_4;
    .scope S_0000012b23d4af40;
T_1 ;
    %wait E_0000012b23d7ea30;
    %load/vec4 v0000012b23d88230_0;
    %parti/s 1, 0, 2;
    %load/vec4 v0000012b23d88230_0;
    %parti/s 1, 1, 2;
    %xor;
    %load/vec4 v0000012b23d88230_0;
    %parti/s 1, 3, 3;
    %xor;
    %store/vec4 v0000012b23d87510_0, 0, 1;
    %load/vec4 v0000012b23d88230_0;
    %parti/s 1, 0, 2;
    %load/vec4 v0000012b23d88230_0;
    %parti/s 1, 2, 3;
    %xor;
    %load/vec4 v0000012b23d88230_0;
    %parti/s 1, 3, 3;
    %xor;
    %store/vec4 v0000012b23d87790_0, 0, 1;
    %load/vec4 v0000012b23d88230_0;
    %parti/s 1, 1, 2;
    %load/vec4 v0000012b23d88230_0;
    %parti/s 1, 2, 3;
    %xor;
    %load/vec4 v0000012b23d88230_0;
    %parti/s 1, 3, 3;
    %xor;
    %store/vec4 v0000012b23d88af0_0, 0, 1;
    %jmp T_1;
    .thread T_1, $push;
    .scope S_0000012b23d44ca0;
T_2 ;
    %wait E_0000012b23d7e4b0;
    %load/vec4 v0000012b23d887d0_0;
    %parti/s 3, 0, 2;
    %dup/vec4;
    %pushi/vec4 1, 0, 3;
    %cmp/u;
    %jmp/1 T_2.0, 6;
    %dup/vec4;
    %pushi/vec4 2, 0, 3;
    %cmp/u;
    %jmp/1 T_2.1, 6;
    %dup/vec4;
    %pushi/vec4 3, 0, 3;
    %cmp/u;
    %jmp/1 T_2.2, 6;
    %dup/vec4;
    %pushi/vec4 4, 0, 3;
    %cmp/u;
    %jmp/1 T_2.3, 6;
    %dup/vec4;
    %pushi/vec4 5, 0, 3;
    %cmp/u;
    %jmp/1 T_2.4, 6;
    %dup/vec4;
    %pushi/vec4 6, 0, 3;
    %cmp/u;
    %jmp/1 T_2.5, 6;
    %dup/vec4;
    %pushi/vec4 7, 0, 3;
    %cmp/u;
    %jmp/1 T_2.6, 6;
    %load/vec4 v0000012b23d887d0_0;
    %parti/s 1, 3, 3;
    %concati/vec4 0, 0, 6;
    %store/vec4 v0000012b23d87a10_0, 0, 7;
    %jmp T_2.8;
T_2.0 ;
    %load/vec4 v0000012b23d887d0_0;
    %parti/s 1, 3, 3;
    %concati/vec4 1, 0, 6;
    %store/vec4 v0000012b23d87a10_0, 0, 7;
    %jmp T_2.8;
T_2.1 ;
    %load/vec4 v0000012b23d887d0_0;
    %parti/s 1, 3, 3;
    %concati/vec4 2, 0, 6;
    %store/vec4 v0000012b23d87a10_0, 0, 7;
    %jmp T_2.8;
T_2.2 ;
    %load/vec4 v0000012b23d887d0_0;
    %parti/s 1, 3, 3;
    %concati/vec4 4, 0, 6;
    %store/vec4 v0000012b23d87a10_0, 0, 7;
    %jmp T_2.8;
T_2.3 ;
    %load/vec4 v0000012b23d887d0_0;
    %parti/s 1, 3, 3;
    %concati/vec4 8, 0, 6;
    %store/vec4 v0000012b23d87a10_0, 0, 7;
    %jmp T_2.8;
T_2.4 ;
    %load/vec4 v0000012b23d887d0_0;
    %parti/s 1, 3, 3;
    %concati/vec4 16, 0, 6;
    %store/vec4 v0000012b23d87a10_0, 0, 7;
    %jmp T_2.8;
T_2.5 ;
    %load/vec4 v0000012b23d887d0_0;
    %parti/s 1, 3, 3;
    %concati/vec4 32, 0, 6;
    %store/vec4 v0000012b23d87a10_0, 0, 7;
    %jmp T_2.8;
T_2.6 ;
    %pushi/vec4 32, 0, 6;
    %load/vec4 v0000012b23d887d0_0;
    %parti/s 1, 3, 3;
    %concat/vec4; draw_concat_vec4
    %store/vec4 v0000012b23d87a10_0, 0, 7;
    %jmp T_2.8;
T_2.8 ;
    %pop/vec4 1;
    %jmp T_2;
    .thread T_2, $push;
    .scope S_0000012b23d44e30;
T_3 ;
    %wait E_0000012b23d7e5b0;
    %load/vec4 v0000012b23d87f10_0;
    %parti/s 1, 0, 2;
    %load/vec4 v0000012b23d87f10_0;
    %parti/s 1, 2, 3;
    %xor;
    %load/vec4 v0000012b23d87f10_0;
    %parti/s 1, 4, 4;
    %xor;
    %load/vec4 v0000012b23d87f10_0;
    %parti/s 1, 6, 4;
    %xor;
    %store/vec4 v0000012b23de9610_0, 0, 1;
    %load/vec4 v0000012b23d87f10_0;
    %parti/s 1, 1, 2;
    %load/vec4 v0000012b23d87f10_0;
    %parti/s 1, 2, 3;
    %xor;
    %load/vec4 v0000012b23d87f10_0;
    %parti/s 1, 5, 4;
    %xor;
    %load/vec4 v0000012b23d87f10_0;
    %parti/s 1, 6, 4;
    %xor;
    %store/vec4 v0000012b23de7ef0_0, 0, 1;
    %load/vec4 v0000012b23d87f10_0;
    %parti/s 1, 3, 3;
    %load/vec4 v0000012b23d87f10_0;
    %parti/s 1, 4, 4;
    %xor;
    %load/vec4 v0000012b23d87f10_0;
    %parti/s 1, 5, 4;
    %xor;
    %load/vec4 v0000012b23d87f10_0;
    %parti/s 1, 6, 4;
    %xor;
    %store/vec4 v0000012b23de96b0_0, 0, 1;
    %jmp T_3;
    .thread T_3, $push;
    .scope S_0000012b23d44e30;
T_4 ;
    %wait E_0000012b23d7ec70;
    %load/vec4 v0000012b23de96b0_0;
    %load/vec4 v0000012b23de7ef0_0;
    %concat/vec4; draw_concat_vec4
    %load/vec4 v0000012b23de9610_0;
    %concat/vec4; draw_concat_vec4
    %dup/vec4;
    %pushi/vec4 1, 0, 3;
    %cmp/u;
    %jmp/1 T_4.0, 6;
    %dup/vec4;
    %pushi/vec4 2, 0, 3;
    %cmp/u;
    %jmp/1 T_4.1, 6;
    %dup/vec4;
    %pushi/vec4 3, 0, 3;
    %cmp/u;
    %jmp/1 T_4.2, 6;
    %dup/vec4;
    %pushi/vec4 4, 0, 3;
    %cmp/u;
    %jmp/1 T_4.3, 6;
    %dup/vec4;
    %pushi/vec4 5, 0, 3;
    %cmp/u;
    %jmp/1 T_4.4, 6;
    %dup/vec4;
    %pushi/vec4 6, 0, 3;
    %cmp/u;
    %jmp/1 T_4.5, 6;
    %dup/vec4;
    %pushi/vec4 7, 0, 3;
    %cmp/u;
    %jmp/1 T_4.6, 6;
    %pushi/vec4 0, 0, 7;
    %store/vec4 v0000012b23de9430_0, 0, 7;
    %jmp T_4.8;
T_4.0 ;
    %pushi/vec4 1, 0, 7;
    %store/vec4 v0000012b23de9430_0, 0, 7;
    %jmp T_4.8;
T_4.1 ;
    %pushi/vec4 2, 0, 7;
    %store/vec4 v0000012b23de9430_0, 0, 7;
    %jmp T_4.8;
T_4.2 ;
    %pushi/vec4 4, 0, 7;
    %store/vec4 v0000012b23de9430_0, 0, 7;
    %jmp T_4.8;
T_4.3 ;
    %pushi/vec4 8, 0, 7;
    %store/vec4 v0000012b23de9430_0, 0, 7;
    %jmp T_4.8;
T_4.4 ;
    %pushi/vec4 16, 0, 7;
    %store/vec4 v0000012b23de9430_0, 0, 7;
    %jmp T_4.8;
T_4.5 ;
    %pushi/vec4 32, 0, 7;
    %store/vec4 v0000012b23de9430_0, 0, 7;
    %jmp T_4.8;
T_4.6 ;
    %pushi/vec4 64, 0, 7;
    %store/vec4 v0000012b23de9430_0, 0, 7;
    %jmp T_4.8;
T_4.8 ;
    %pop/vec4 1;
    %jmp T_4;
    .thread T_4, $push;
    .scope S_0000012b23d367e0;
T_5 ;
    %wait E_0000012b23d7f370;
    %pushi/vec4 1, 0, 32;
    %dup/vec4;
    %load/vec4 v0000012b23de8990_0;
    %parti/s 1, 7, 4;
    %pad/u 32;
    %cmp/u;
    %jmp/1 T_5.0, 6;
    %dup/vec4;
    %load/vec4 v0000012b23de8990_0;
    %parti/s 1, 6, 4;
    %pad/u 32;
    %cmp/u;
    %jmp/1 T_5.1, 6;
    %dup/vec4;
    %load/vec4 v0000012b23de8990_0;
    %parti/s 1, 5, 4;
    %pad/u 32;
    %cmp/u;
    %jmp/1 T_5.2, 6;
    %dup/vec4;
    %load/vec4 v0000012b23de8990_0;
    %parti/s 1, 4, 4;
    %pad/u 32;
    %cmp/u;
    %jmp/1 T_5.3, 6;
    %dup/vec4;
    %load/vec4 v0000012b23de8990_0;
    %parti/s 1, 3, 3;
    %pad/u 32;
    %cmp/u;
    %jmp/1 T_5.4, 6;
    %dup/vec4;
    %load/vec4 v0000012b23de8990_0;
    %parti/s 1, 2, 3;
    %pad/u 32;
    %cmp/u;
    %jmp/1 T_5.5, 6;
    %dup/vec4;
    %load/vec4 v0000012b23de8990_0;
    %parti/s 1, 1, 2;
    %pad/u 32;
    %cmp/u;
    %jmp/1 T_5.6, 6;
    %dup/vec4;
    %load/vec4 v0000012b23de8990_0;
    %parti/s 1, 0, 2;
    %pad/u 32;
    %cmp/u;
    %jmp/1 T_5.7, 6;
    %pushi/vec4 0, 0, 3;
    %store/vec4 v0000012b23de8f30_0, 0, 3;
    %pushi/vec4 1, 0, 1;
    %store/vec4 v0000012b23de8cb0_0, 0, 1;
    %jmp T_5.9;
T_5.0 ;
    %pushi/vec4 7, 0, 3;
    %store/vec4 v0000012b23de8f30_0, 0, 3;
    %pushi/vec4 1, 0, 1;
    %store/vec4 v0000012b23de8cb0_0, 0, 1;
    %jmp T_5.9;
T_5.1 ;
    %pushi/vec4 6, 0, 3;
    %store/vec4 v0000012b23de8f30_0, 0, 3;
    %pushi/vec4 1, 0, 1;
    %store/vec4 v0000012b23de8cb0_0, 0, 1;
    %jmp T_5.9;
T_5.2 ;
    %pushi/vec4 5, 0, 3;
    %store/vec4 v0000012b23de8f30_0, 0, 3;
    %pushi/vec4 1, 0, 1;
    %store/vec4 v0000012b23de8cb0_0, 0, 1;
    %jmp T_5.9;
T_5.3 ;
    %pushi/vec4 4, 0, 3;
    %store/vec4 v0000012b23de8f30_0, 0, 3;
    %pushi/vec4 1, 0, 1;
    %store/vec4 v0000012b23de8cb0_0, 0, 1;
    %jmp T_5.9;
T_5.4 ;
    %pushi/vec4 3, 0, 3;
    %store/vec4 v0000012b23de8f30_0, 0, 3;
    %pushi/vec4 1, 0, 1;
    %store/vec4 v0000012b23de8cb0_0, 0, 1;
    %jmp T_5.9;
T_5.5 ;
    %pushi/vec4 2, 0, 3;
    %store/vec4 v0000012b23de8f30_0, 0, 3;
    %pushi/vec4 1, 0, 1;
    %store/vec4 v0000012b23de8cb0_0, 0, 1;
    %jmp T_5.9;
T_5.6 ;
    %pushi/vec4 1, 0, 3;
    %store/vec4 v0000012b23de8f30_0, 0, 3;
    %pushi/vec4 1, 0, 1;
    %store/vec4 v0000012b23de8cb0_0, 0, 1;
    %jmp T_5.9;
T_5.7 ;
    %pushi/vec4 0, 0, 3;
    %store/vec4 v0000012b23de8f30_0, 0, 3;
    %pushi/vec4 1, 0, 1;
    %store/vec4 v0000012b23de8cb0_0, 0, 1;
    %jmp T_5.9;
T_5.9 ;
    %pop/vec4 1;
    %jmp T_5;
    .thread T_5, $push;
    .scope S_0000012b23d36970;
T_6 ;
    %wait E_0000012b23d7fa70;
    %load/vec4 v0000012b23de9930_0;
    %dup/vec4;
    %pushi/vec4 0, 0, 4;
    %cmp/u;
    %jmp/1 T_6.0, 6;
    %dup/vec4;
    %pushi/vec4 1, 0, 4;
    %cmp/u;
    %jmp/1 T_6.1, 6;
    %dup/vec4;
    %pushi/vec4 2, 0, 4;
    %cmp/u;
    %jmp/1 T_6.2, 6;
    %dup/vec4;
    %pushi/vec4 3, 0, 4;
    %cmp/u;
    %jmp/1 T_6.3, 6;
    %dup/vec4;
    %pushi/vec4 4, 0, 4;
    %cmp/u;
    %jmp/1 T_6.4, 6;
    %dup/vec4;
    %pushi/vec4 5, 0, 4;
    %cmp/u;
    %jmp/1 T_6.5, 6;
    %dup/vec4;
    %pushi/vec4 6, 0, 4;
    %cmp/u;
    %jmp/1 T_6.6, 6;
    %dup/vec4;
    %pushi/vec4 7, 0, 4;
    %cmp/u;
    %jmp/1 T_6.7, 6;
    %dup/vec4;
    %pushi/vec4 8, 0, 4;
    %cmp/u;
    %jmp/1 T_6.8, 6;
    %dup/vec4;
    %pushi/vec4 9, 0, 4;
    %cmp/u;
    %jmp/1 T_6.9, 6;
    %dup/vec4;
    %pushi/vec4 10, 0, 4;
    %cmp/u;
    %jmp/1 T_6.10, 6;
    %dup/vec4;
    %pushi/vec4 11, 0, 4;
    %cmp/u;
    %jmp/1 T_6.11, 6;
    %dup/vec4;
    %pushi/vec4 12, 0, 4;
    %cmp/u;
    %jmp/1 T_6.12, 6;
    %dup/vec4;
    %pushi/vec4 13, 0, 4;
    %cmp/u;
    %jmp/1 T_6.13, 6;
    %dup/vec4;
    %pushi/vec4 14, 0, 4;
    %cmp/u;
    %jmp/1 T_6.14, 6;
    %dup/vec4;
    %pushi/vec4 15, 0, 4;
    %cmp/u;
    %jmp/1 T_6.15, 6;
    %pushi/vec4 126, 0, 7;
    %split/vec4 1;
    %store/vec4 v0000012b23de80d0_0, 0, 1;
    %split/vec4 1;
    %store/vec4 v0000012b23de7c70_0, 0, 1;
    %split/vec4 1;
    %store/vec4 v0000012b23de7b30_0, 0, 1;
    %split/vec4 1;
    %store/vec4 v0000012b23de87b0_0, 0, 1;
    %split/vec4 1;
    %store/vec4 v0000012b23de97f0_0, 0, 1;
    %split/vec4 1;
    %store/vec4 v0000012b23de9750_0, 0, 1;
    %store/vec4 v0000012b23de85d0_0, 0, 1;
    %jmp T_6.17;
T_6.0 ;
    %pushi/vec4 126, 0, 7;
    %split/vec4 1;
    %store/vec4 v0000012b23de80d0_0, 0, 1;
    %split/vec4 1;
    %store/vec4 v0000012b23de7c70_0, 0, 1;
    %split/vec4 1;
    %store/vec4 v0000012b23de7b30_0, 0, 1;
    %split/vec4 1;
    %store/vec4 v0000012b23de87b0_0, 0, 1;
    %split/vec4 1;
    %store/vec4 v0000012b23de97f0_0, 0, 1;
    %split/vec4 1;
    %store/vec4 v0000012b23de9750_0, 0, 1;
    %store/vec4 v0000012b23de85d0_0, 0, 1;
    %jmp T_6.17;
T_6.1 ;
    %pushi/vec4 48, 0, 7;
    %split/vec4 1;
    %store/vec4 v0000012b23de80d0_0, 0, 1;
    %split/vec4 1;
    %store/vec4 v0000012b23de7c70_0, 0, 1;
    %split/vec4 1;
    %store/vec4 v0000012b23de7b30_0, 0, 1;
    %split/vec4 1;
    %store/vec4 v0000012b23de87b0_0, 0, 1;
    %split/vec4 1;
    %store/vec4 v0000012b23de97f0_0, 0, 1;
    %split/vec4 1;
    %store/vec4 v0000012b23de9750_0, 0, 1;
    %store/vec4 v0000012b23de85d0_0, 0, 1;
    %jmp T_6.17;
T_6.2 ;
    %pushi/vec4 109, 0, 7;
    %split/vec4 1;
    %store/vec4 v0000012b23de80d0_0, 0, 1;
    %split/vec4 1;
    %store/vec4 v0000012b23de7c70_0, 0, 1;
    %split/vec4 1;
    %store/vec4 v0000012b23de7b30_0, 0, 1;
    %split/vec4 1;
    %store/vec4 v0000012b23de87b0_0, 0, 1;
    %split/vec4 1;
    %store/vec4 v0000012b23de97f0_0, 0, 1;
    %split/vec4 1;
    %store/vec4 v0000012b23de9750_0, 0, 1;
    %store/vec4 v0000012b23de85d0_0, 0, 1;
    %jmp T_6.17;
T_6.3 ;
    %pushi/vec4 121, 0, 7;
    %split/vec4 1;
    %store/vec4 v0000012b23de80d0_0, 0, 1;
    %split/vec4 1;
    %store/vec4 v0000012b23de7c70_0, 0, 1;
    %split/vec4 1;
    %store/vec4 v0000012b23de7b30_0, 0, 1;
    %split/vec4 1;
    %store/vec4 v0000012b23de87b0_0, 0, 1;
    %split/vec4 1;
    %store/vec4 v0000012b23de97f0_0, 0, 1;
    %split/vec4 1;
    %store/vec4 v0000012b23de9750_0, 0, 1;
    %store/vec4 v0000012b23de85d0_0, 0, 1;
    %jmp T_6.17;
T_6.4 ;
    %pushi/vec4 51, 0, 7;
    %split/vec4 1;
    %store/vec4 v0000012b23de80d0_0, 0, 1;
    %split/vec4 1;
    %store/vec4 v0000012b23de7c70_0, 0, 1;
    %split/vec4 1;
    %store/vec4 v0000012b23de7b30_0, 0, 1;
    %split/vec4 1;
    %store/vec4 v0000012b23de87b0_0, 0, 1;
    %split/vec4 1;
    %store/vec4 v0000012b23de97f0_0, 0, 1;
    %split/vec4 1;
    %store/vec4 v0000012b23de9750_0, 0, 1;
    %store/vec4 v0000012b23de85d0_0, 0, 1;
    %jmp T_6.17;
T_6.5 ;
    %pushi/vec4 91, 0, 7;
    %split/vec4 1;
    %store/vec4 v0000012b23de80d0_0, 0, 1;
    %split/vec4 1;
    %store/vec4 v0000012b23de7c70_0, 0, 1;
    %split/vec4 1;
    %store/vec4 v0000012b23de7b30_0, 0, 1;
    %split/vec4 1;
    %store/vec4 v0000012b23de87b0_0, 0, 1;
    %split/vec4 1;
    %store/vec4 v0000012b23de97f0_0, 0, 1;
    %split/vec4 1;
    %store/vec4 v0000012b23de9750_0, 0, 1;
    %store/vec4 v0000012b23de85d0_0, 0, 1;
    %jmp T_6.17;
T_6.6 ;
    %pushi/vec4 95, 0, 7;
    %split/vec4 1;
    %store/vec4 v0000012b23de80d0_0, 0, 1;
    %split/vec4 1;
    %store/vec4 v0000012b23de7c70_0, 0, 1;
    %split/vec4 1;
    %store/vec4 v0000012b23de7b30_0, 0, 1;
    %split/vec4 1;
    %store/vec4 v0000012b23de87b0_0, 0, 1;
    %split/vec4 1;
    %store/vec4 v0000012b23de97f0_0, 0, 1;
    %split/vec4 1;
    %store/vec4 v0000012b23de9750_0, 0, 1;
    %store/vec4 v0000012b23de85d0_0, 0, 1;
    %jmp T_6.17;
T_6.7 ;
    %pushi/vec4 112, 0, 7;
    %split/vec4 1;
    %store/vec4 v0000012b23de80d0_0, 0, 1;
    %split/vec4 1;
    %store/vec4 v0000012b23de7c70_0, 0, 1;
    %split/vec4 1;
    %store/vec4 v0000012b23de7b30_0, 0, 1;
    %split/vec4 1;
    %store/vec4 v0000012b23de87b0_0, 0, 1;
    %split/vec4 1;
    %store/vec4 v0000012b23de97f0_0, 0, 1;
    %split/vec4 1;
    %store/vec4 v0000012b23de9750_0, 0, 1;
    %store/vec4 v0000012b23de85d0_0, 0, 1;
    %jmp T_6.17;
T_6.8 ;
    %pushi/vec4 127, 0, 7;
    %split/vec4 1;
    %store/vec4 v0000012b23de80d0_0, 0, 1;
    %split/vec4 1;
    %store/vec4 v0000012b23de7c70_0, 0, 1;
    %split/vec4 1;
    %store/vec4 v0000012b23de7b30_0, 0, 1;
    %split/vec4 1;
    %store/vec4 v0000012b23de87b0_0, 0, 1;
    %split/vec4 1;
    %store/vec4 v0000012b23de97f0_0, 0, 1;
    %split/vec4 1;
    %store/vec4 v0000012b23de9750_0, 0, 1;
    %store/vec4 v0000012b23de85d0_0, 0, 1;
    %jmp T_6.17;
T_6.9 ;
    %pushi/vec4 123, 0, 7;
    %split/vec4 1;
    %store/vec4 v0000012b23de80d0_0, 0, 1;
    %split/vec4 1;
    %store/vec4 v0000012b23de7c70_0, 0, 1;
    %split/vec4 1;
    %store/vec4 v0000012b23de7b30_0, 0, 1;
    %split/vec4 1;
    %store/vec4 v0000012b23de87b0_0, 0, 1;
    %split/vec4 1;
    %store/vec4 v0000012b23de97f0_0, 0, 1;
    %split/vec4 1;
    %store/vec4 v0000012b23de9750_0, 0, 1;
    %store/vec4 v0000012b23de85d0_0, 0, 1;
    %jmp T_6.17;
T_6.10 ;
    %pushi/vec4 119, 0, 7;
    %split/vec4 1;
    %store/vec4 v0000012b23de80d0_0, 0, 1;
    %split/vec4 1;
    %store/vec4 v0000012b23de7c70_0, 0, 1;
    %split/vec4 1;
    %store/vec4 v0000012b23de7b30_0, 0, 1;
    %split/vec4 1;
    %store/vec4 v0000012b23de87b0_0, 0, 1;
    %split/vec4 1;
    %store/vec4 v0000012b23de97f0_0, 0, 1;
    %split/vec4 1;
    %store/vec4 v0000012b23de9750_0, 0, 1;
    %store/vec4 v0000012b23de85d0_0, 0, 1;
    %jmp T_6.17;
T_6.11 ;
    %pushi/vec4 31, 0, 7;
    %split/vec4 1;
    %store/vec4 v0000012b23de80d0_0, 0, 1;
    %split/vec4 1;
    %store/vec4 v0000012b23de7c70_0, 0, 1;
    %split/vec4 1;
    %store/vec4 v0000012b23de7b30_0, 0, 1;
    %split/vec4 1;
    %store/vec4 v0000012b23de87b0_0, 0, 1;
    %split/vec4 1;
    %store/vec4 v0000012b23de97f0_0, 0, 1;
    %split/vec4 1;
    %store/vec4 v0000012b23de9750_0, 0, 1;
    %store/vec4 v0000012b23de85d0_0, 0, 1;
    %jmp T_6.17;
T_6.12 ;
    %pushi/vec4 78, 0, 7;
    %split/vec4 1;
    %store/vec4 v0000012b23de80d0_0, 0, 1;
    %split/vec4 1;
    %store/vec4 v0000012b23de7c70_0, 0, 1;
    %split/vec4 1;
    %store/vec4 v0000012b23de7b30_0, 0, 1;
    %split/vec4 1;
    %store/vec4 v0000012b23de87b0_0, 0, 1;
    %split/vec4 1;
    %store/vec4 v0000012b23de97f0_0, 0, 1;
    %split/vec4 1;
    %store/vec4 v0000012b23de9750_0, 0, 1;
    %store/vec4 v0000012b23de85d0_0, 0, 1;
    %jmp T_6.17;
T_6.13 ;
    %pushi/vec4 61, 0, 7;
    %split/vec4 1;
    %store/vec4 v0000012b23de80d0_0, 0, 1;
    %split/vec4 1;
    %store/vec4 v0000012b23de7c70_0, 0, 1;
    %split/vec4 1;
    %store/vec4 v0000012b23de7b30_0, 0, 1;
    %split/vec4 1;
    %store/vec4 v0000012b23de87b0_0, 0, 1;
    %split/vec4 1;
    %store/vec4 v0000012b23de97f0_0, 0, 1;
    %split/vec4 1;
    %store/vec4 v0000012b23de9750_0, 0, 1;
    %store/vec4 v0000012b23de85d0_0, 0, 1;
    %jmp T_6.17;
T_6.14 ;
    %pushi/vec4 79, 0, 7;
    %split/vec4 1;
    %store/vec4 v0000012b23de80d0_0, 0, 1;
    %split/vec4 1;
    %store/vec4 v0000012b23de7c70_0, 0, 1;
    %split/vec4 1;
    %store/vec4 v0000012b23de7b30_0, 0, 1;
    %split/vec4 1;
    %store/vec4 v0000012b23de87b0_0, 0, 1;
    %split/vec4 1;
    %store/vec4 v0000012b23de97f0_0, 0, 1;
    %split/vec4 1;
    %store/vec4 v0000012b23de9750_0, 0, 1;
    %store/vec4 v0000012b23de85d0_0, 0, 1;
    %jmp T_6.17;
T_6.15 ;
    %pushi/vec4 71, 0, 7;
    %split/vec4 1;
    %store/vec4 v0000012b23de80d0_0, 0, 1;
    %split/vec4 1;
    %store/vec4 v0000012b23de7c70_0, 0, 1;
    %split/vec4 1;
    %store/vec4 v0000012b23de7b30_0, 0, 1;
    %split/vec4 1;
    %store/vec4 v0000012b23de87b0_0, 0, 1;
    %split/vec4 1;
    %store/vec4 v0000012b23de97f0_0, 0, 1;
    %split/vec4 1;
    %store/vec4 v0000012b23de9750_0, 0, 1;
    %store/vec4 v0000012b23de85d0_0, 0, 1;
    %jmp T_6.17;
T_6.17 ;
    %pop/vec4 1;
    %jmp T_6;
    .thread T_6, $push;
    .scope S_0000012b23d74800;
T_7 ;
    %pushi/vec4 0, 0, 32;
    %store/vec4 v0000012b23deb800_0, 0, 32;
    %pushi/vec4 0, 0, 32;
    %store/vec4 v0000012b23de8df0_0, 0, 32;
    %pushi/vec4 0, 0, 32;
    %store/vec4 v0000012b23deafe0_0, 0, 32;
    %pushi/vec4 0, 0, 32;
    %store/vec4 v0000012b23de91b0_0, 0, 32;
    %end;
    .thread T_7;
    .scope S_0000012b23d74800;
T_8 ;
    %pushi/vec4 3735928559, 0, 32;
    %store/vec4 v0000012b23deb260_0, 0, 32;
    %end;
    .thread T_8;
    .scope S_0000012b23d74800;
T_9 ;
    %vpi_call 2 33 "$display", $time, "TEST START" {0 0 0};
    %vpi_call 2 34 "$display", $time, "\012 TEST1: no bit error" {0 0 0};
    %pushi/vec4 0, 0, 32;
    %store/vec4 v0000012b23de91b0_0, 0, 32;
T_9.0 ;
    %load/vec4 v0000012b23de91b0_0;
    %cmpi/s 16, 0, 32;
    %jmp/0xz T_9.1, 5;
    %load/vec4 v0000012b23de91b0_0;
    %parti/s 4, 0, 2;
    %store/vec4 v0000012b23de92f0_0, 0, 4;
    %pushi/vec4 0, 0, 5;
    %store/vec4 v0000012b23de9250_0, 0, 5;
    %delay 1000, 0;
    %load/vec4 v0000012b23de92f0_0;
    %store/vec4 v0000012b23d89270_0, 0, 4;
    %load/vec4 v0000012b23deb580_0;
    %store/vec4 v0000012b23d89310_0, 0, 4;
    %pushi/vec4 0, 0, 1;
    %store/vec4 v0000012b23d88550_0, 0, 1;
    %pushi/vec4 0, 0, 1;
    %store/vec4 v0000012b23d88190_0, 0, 1;
    %pushi/vec4 0, 0, 1;
    %store/vec4 v0000012b23d89130_0, 0, 1;
    %load/vec4 v0000012b23de9570_0;
    %store/vec4 v0000012b23d880f0_0, 0, 1;
    %load/vec4 v0000012b23deacc0_0;
    %store/vec4 v0000012b23d87650_0, 0, 1;
    %load/vec4 v0000012b23de9fa0_0;
    %store/vec4 v0000012b23d88eb0_0, 0, 1;
    %fork TD_stimulus.compare_data, S_0000012b23d74990;
    %join;
    ; show_stmt_assign_vector: Get l-value for compressed += operand
    %load/vec4 v0000012b23de91b0_0;
    %pushi/vec4 1, 0, 32;
    %add;
    %store/vec4 v0000012b23de91b0_0, 0, 32;
    %jmp T_9.0;
T_9.1 ;
    %delay 10000, 0;
    %vpi_call 2 46 "$display", "%0t: TEST2: 1 bit error", $time {0 0 0};
    %pushi/vec4 0, 0, 32;
    %store/vec4 v0000012b23de91b0_0, 0, 32;
T_9.2 ;
    %load/vec4 v0000012b23de91b0_0;
    %cmpi/s 16, 0, 32;
    %jmp/0xz T_9.3, 5;
    %load/vec4 v0000012b23de91b0_0;
    %parti/s 4, 0, 2;
    %store/vec4 v0000012b23de92f0_0, 0, 4;
    %vpi_func 2 49 "$random" 32, v0000012b23deb260_0 {0 0 0};
    %pushi/vec4 4, 0, 32;
    %mod/s;
    %store/vec4 v0000012b23de94d0_0, 0, 32;
    %load/vec4 v0000012b23de94d0_0;
    %dup/vec4;
    %pushi/vec4 0, 0, 32;
    %cmp/u;
    %jmp/1 T_9.4, 6;
    %dup/vec4;
    %pushi/vec4 1, 0, 32;
    %cmp/u;
    %jmp/1 T_9.5, 6;
    %dup/vec4;
    %pushi/vec4 2, 0, 32;
    %cmp/u;
    %jmp/1 T_9.6, 6;
    %dup/vec4;
    %pushi/vec4 3, 0, 32;
    %cmp/u;
    %jmp/1 T_9.7, 6;
    %jmp T_9.8;
T_9.4 ;
    %pushi/vec4 4, 0, 5;
    %store/vec4 v0000012b23de9250_0, 0, 5;
    %jmp T_9.8;
T_9.5 ;
    %pushi/vec4 8, 0, 5;
    %store/vec4 v0000012b23de9250_0, 0, 5;
    %jmp T_9.8;
T_9.6 ;
    %pushi/vec4 16, 0, 5;
    %store/vec4 v0000012b23de9250_0, 0, 5;
    %jmp T_9.8;
T_9.7 ;
    %pushi/vec4 0, 0, 5;
    %store/vec4 v0000012b23de9250_0, 0, 5;
    %jmp T_9.8;
T_9.8 ;
    %pop/vec4 1;
    %delay 1000, 0;
    %load/vec4 v0000012b23de92f0_0;
    %store/vec4 v0000012b23d89270_0, 0, 4;
    %load/vec4 v0000012b23deb580_0;
    %store/vec4 v0000012b23d89310_0, 0, 4;
    %pushi/vec4 1, 0, 1;
    %store/vec4 v0000012b23d88550_0, 0, 1;
    %pushi/vec4 0, 0, 1;
    %store/vec4 v0000012b23d88190_0, 0, 1;
    %pushi/vec4 0, 0, 1;
    %store/vec4 v0000012b23d89130_0, 0, 1;
    %load/vec4 v0000012b23de9570_0;
    %store/vec4 v0000012b23d880f0_0, 0, 1;
    %load/vec4 v0000012b23deacc0_0;
    %store/vec4 v0000012b23d87650_0, 0, 1;
    %load/vec4 v0000012b23de9fa0_0;
    %store/vec4 v0000012b23d88eb0_0, 0, 1;
    %fork TD_stimulus.compare_data, S_0000012b23d74990;
    %join;
    %load/vec4 v0000012b23de91b0_0;
    %addi 1, 0, 32;
    %store/vec4 v0000012b23de91b0_0, 0, 32;
    %jmp T_9.2;
T_9.3 ;
    %delay 10000, 0;
    %vpi_call 2 62 "$display", $time, "\012 TEST3:  2 bit error" {0 0 0};
    %pushi/vec4 0, 0, 32;
    %store/vec4 v0000012b23de91b0_0, 0, 32;
T_9.9 ;
    %load/vec4 v0000012b23de91b0_0;
    %cmpi/s 16, 0, 32;
    %jmp/0xz T_9.10, 5;
    %load/vec4 v0000012b23de91b0_0;
    %parti/s 4, 0, 2;
    %store/vec4 v0000012b23de92f0_0, 0, 4;
    %pushi/vec4 8, 0, 5;
    %pushi/vec4 1, 0, 5;
    %vpi_func 2 65 "$random" 32, v0000012b23deb260_0 {0 0 0};
    %pushi/vec4 3, 0, 32;
    %mod/s;
    %ix/vec4 4;
    %shiftl 4;
    %or;
    %store/vec4 v0000012b23de9250_0, 0, 5;
    %delay 1000, 0;
    %load/vec4 v0000012b23de92f0_0;
    %store/vec4 v0000012b23d89270_0, 0, 4;
    %load/vec4 v0000012b23deb580_0;
    %store/vec4 v0000012b23d89310_0, 0, 4;
    %pushi/vec4 0, 0, 1;
    %store/vec4 v0000012b23d88550_0, 0, 1;
    %pushi/vec4 1, 0, 1;
    %store/vec4 v0000012b23d88190_0, 0, 1;
    %pushi/vec4 0, 0, 1;
    %store/vec4 v0000012b23d89130_0, 0, 1;
    %load/vec4 v0000012b23de9570_0;
    %store/vec4 v0000012b23d880f0_0, 0, 1;
    %load/vec4 v0000012b23deacc0_0;
    %store/vec4 v0000012b23d87650_0, 0, 1;
    %load/vec4 v0000012b23de9fa0_0;
    %store/vec4 v0000012b23d88eb0_0, 0, 1;
    %fork TD_stimulus.compare_data, S_0000012b23d74990;
    %join;
    ; show_stmt_assign_vector: Get l-value for compressed += operand
    %load/vec4 v0000012b23de91b0_0;
    %pushi/vec4 1, 0, 32;
    %add;
    %store/vec4 v0000012b23de91b0_0, 0, 32;
    %jmp T_9.9;
T_9.10 ;
    %delay 10000, 0;
    %vpi_call 2 77 "$display", $time, "\012 TEST4:  parity altered +2bit error = 3bit error(not correctable,partially detectable)" {0 0 0};
    %pushi/vec4 8, 0, 4;
    %store/vec4 v0000012b23de92f0_0, 0, 4;
    %pushi/vec4 24, 0, 5;
    %pushi/vec4 1, 0, 5;
    %vpi_func 2 79 "$random" 32, v0000012b23deb260_0 {0 0 0};
    %pushi/vec4 3, 0, 32;
    %mod/s;
    %ix/vec4 4;
    %shiftl 4;
    %or;
    %store/vec4 v0000012b23de9250_0, 0, 5;
    %delay 1000, 0;
    %pushi/vec4 0, 0, 4;
    %store/vec4 v0000012b23de92f0_0, 0, 4;
    %pushi/vec4 0, 0, 5;
    %store/vec4 v0000012b23de9250_0, 0, 5;
    %delay 10000, 0;
    %vpi_call 2 86 "$display", $time, "\012 TEST5:  2 bit error (again)" {0 0 0};
    %pushi/vec4 10, 0, 4;
    %store/vec4 v0000012b23de92f0_0, 0, 4;
    %pushi/vec4 0, 0, 5;
    %store/vec4 v0000012b23de9250_0, 0, 5;
    %pushi/vec4 8, 0, 5;
    %pushi/vec4 1, 0, 5;
    %vpi_func 2 89 "$random" 32, v0000012b23deb260_0 {0 0 0};
    %pushi/vec4 3, 0, 32;
    %mod/s;
    %ix/vec4 4;
    %shiftl 4;
    %or;
    %store/vec4 v0000012b23de9250_0, 0, 5;
    %delay 1000, 0;
    %load/vec4 v0000012b23de92f0_0;
    %store/vec4 v0000012b23d89270_0, 0, 4;
    %load/vec4 v0000012b23deb580_0;
    %store/vec4 v0000012b23d89310_0, 0, 4;
    %pushi/vec4 0, 0, 1;
    %store/vec4 v0000012b23d88550_0, 0, 1;
    %pushi/vec4 1, 0, 1;
    %store/vec4 v0000012b23d88190_0, 0, 1;
    %pushi/vec4 0, 0, 1;
    %store/vec4 v0000012b23d89130_0, 0, 1;
    %load/vec4 v0000012b23de9570_0;
    %store/vec4 v0000012b23d880f0_0, 0, 1;
    %load/vec4 v0000012b23deacc0_0;
    %store/vec4 v0000012b23d87650_0, 0, 1;
    %load/vec4 v0000012b23de9fa0_0;
    %store/vec4 v0000012b23d88eb0_0, 0, 1;
    %fork TD_stimulus.compare_data, S_0000012b23d74990;
    %join;
    %delay 10000, 0;
    %vpi_call 2 100 "$display", $time, "TEST STOP.\012\011\011 RESULTS success_count = %0d,error_count = %0d,test_count  = %0d", v0000012b23deb800_0, v0000012b23de8df0_0, v0000012b23deafe0_0 {0 0 0};
    %delay 20000, 0;
    %vpi_call 2 101 "$finish" {0 0 0};
    %end;
    .thread T_9;
    .scope S_0000012b23d74800;
T_10 ;
    %vpi_call 2 144 "$dumpfile", "hamming_secded_top.vcd" {0 0 0};
    %vpi_call 2 145 "$dumpvars", 32'sb00000000000000000000000000000000, S_0000012b23d74800 {0 0 0};
    %end;
    .thread T_10;
# The file index is used to find the file name in the following table.
:file_names 9;
    "N/A";
    "<interactive>";
    "hamming_secded_top_tb.v";
    "hamming_secded_top.v";
    "hamming_74_enco.v";
    "noise_adder.v";
    "hamming_74_dec.v";
    "priority_encoder.v";
    "hex_7seg_decoder.v";
