#! /mingw64/bin/vvp
:ivl_version "12.0 (stable)";
:ivl_delay_selection "TYPICAL";
:vpi_time_precision - 9;
:vpi_module "C:\msys64\mingw64\lib\ivl\system.vpi";
:vpi_module "C:\msys64\mingw64\lib\ivl\vhdl_sys.vpi";
:vpi_module "C:\msys64\mingw64\lib\ivl\vhdl_textio.vpi";
:vpi_module "C:\msys64\mingw64\lib\ivl\v2005_math.vpi";
:vpi_module "C:\msys64\mingw64\lib\ivl\va_math.vpi";
S_000001e5d615ea90 .scope module, "stimulus" "stimulus" 2 2;
 .timescale -6 -9;
v000001e5d61b3bf0_0 .net "a", 0 0, L_000001e5d61b3d30;  1 drivers
v000001e5d61b44b0_0 .net "b", 0 0, L_000001e5d61b3970;  1 drivers
v000001e5d61b4050_0 .net "c", 0 0, L_000001e5d61b3e70;  1 drivers
v000001e5d61b4690_0 .net "d", 0 0, L_000001e5d61b6460;  1 drivers
v000001e5d61b4550_0 .net "e", 0 0, L_000001e5d61b4f20;  1 drivers
v000001e5d61b3790_0 .net "f", 0 0, L_000001e5d61b5b00;  1 drivers
v000001e5d61b4190_0 .net "g", 0 0, L_000001e5d61b48e0;  1 drivers
v000001e5d61b3830_0 .var/i "i", 31 0;
v000001e5d61b38d0_0 .var "in", 3 0;
v000001e5d61b3c90_0 .net "seven_seg_code", 6 0, L_000001e5d61b5880;  1 drivers
LS_000001e5d61b5880_0_0 .concat [ 1 1 1 1], L_000001e5d61b48e0, L_000001e5d61b5b00, L_000001e5d61b4f20, L_000001e5d61b6460;
LS_000001e5d61b5880_0_4 .concat [ 1 1 1 0], L_000001e5d61b3e70, L_000001e5d61b3970, L_000001e5d61b3d30;
L_000001e5d61b5880 .concat [ 4 3 0 0], LS_000001e5d61b5880_0_0, LS_000001e5d61b5880_0_4;
S_000001e5d615ec20 .scope module, "uut" "hex_7seg_decoder" 2 6, 3 2 0, S_000001e5d615ea90;
 .timescale 0 0;
    .port_info 0 /INPUT 4 "in";
    .port_info 1 /OUTPUT 1 "o_a";
    .port_info 2 /OUTPUT 1 "o_b";
    .port_info 3 /OUTPUT 1 "o_c";
    .port_info 4 /OUTPUT 1 "o_d";
    .port_info 5 /OUTPUT 1 "o_e";
    .port_info 6 /OUTPUT 1 "o_f";
    .port_info 7 /OUTPUT 1 "o_g";
P_000001e5d6159c90 .param/l "COMMON_ANODE_CATHODE" 0 3 2, +C4<00000000000000000000000000000000>;
L_000001e5d614f420 .functor NOT 7, L_000001e5d61b61e0, C4<0000000>, C4<0000000>, C4<0000000>;
v000001e5d6150e30_0 .net *"_ivl_10", 6 0, L_000001e5d614f420;  1 drivers
v000001e5d6150ed0_0 .net *"_ivl_8", 6 0, L_000001e5d61b61e0;  1 drivers
v000001e5d6150f70_0 .var "a", 0 0;
v000001e5d6151010_0 .var "b", 0 0;
v000001e5d61510b0_0 .var "c", 0 0;
v000001e5d61b4230_0 .var "d", 0 0;
v000001e5d61b45f0_0 .var "e", 0 0;
v000001e5d61b42d0_0 .var "f", 0 0;
v000001e5d61b3ab0_0 .var "g", 0 0;
v000001e5d61b3f10_0 .net "in", 3 0, v000001e5d61b38d0_0;  1 drivers
v000001e5d61b4370_0 .net "o_a", 0 0, L_000001e5d61b3d30;  alias, 1 drivers
v000001e5d61b3b50_0 .net "o_b", 0 0, L_000001e5d61b3970;  alias, 1 drivers
v000001e5d61b3dd0_0 .net "o_c", 0 0, L_000001e5d61b3e70;  alias, 1 drivers
v000001e5d61b4410_0 .net "o_d", 0 0, L_000001e5d61b6460;  alias, 1 drivers
v000001e5d61b40f0_0 .net "o_e", 0 0, L_000001e5d61b4f20;  alias, 1 drivers
v000001e5d61b3fb0_0 .net "o_f", 0 0, L_000001e5d61b5b00;  alias, 1 drivers
v000001e5d61b3a10_0 .net "o_g", 0 0, L_000001e5d61b48e0;  alias, 1 drivers
E_000001e5d6159810 .event anyedge, v000001e5d61b3f10_0;
L_000001e5d61b3d30 .part L_000001e5d614f420, 6, 1;
L_000001e5d61b3970 .part L_000001e5d614f420, 5, 1;
L_000001e5d61b3e70 .part L_000001e5d614f420, 4, 1;
L_000001e5d61b6460 .part L_000001e5d614f420, 3, 1;
L_000001e5d61b4f20 .part L_000001e5d614f420, 2, 1;
L_000001e5d61b5b00 .part L_000001e5d614f420, 1, 1;
L_000001e5d61b48e0 .part L_000001e5d614f420, 0, 1;
LS_000001e5d61b61e0_0_0 .concat [ 1 1 1 1], v000001e5d61b3ab0_0, v000001e5d61b42d0_0, v000001e5d61b45f0_0, v000001e5d61b4230_0;
LS_000001e5d61b61e0_0_4 .concat [ 1 1 1 0], v000001e5d61510b0_0, v000001e5d6151010_0, v000001e5d6150f70_0;
L_000001e5d61b61e0 .concat [ 4 3 0 0], LS_000001e5d61b61e0_0_0, LS_000001e5d61b61e0_0_4;
    .scope S_000001e5d615ec20;
T_0 ;
    %wait E_000001e5d6159810;
    %load/vec4 v000001e5d61b3f10_0;
    %dup/vec4;
    %pushi/vec4 0, 0, 4;
    %cmp/u;
    %jmp/1 T_0.0, 6;
    %dup/vec4;
    %pushi/vec4 1, 0, 4;
    %cmp/u;
    %jmp/1 T_0.1, 6;
    %dup/vec4;
    %pushi/vec4 2, 0, 4;
    %cmp/u;
    %jmp/1 T_0.2, 6;
    %dup/vec4;
    %pushi/vec4 3, 0, 4;
    %cmp/u;
    %jmp/1 T_0.3, 6;
    %dup/vec4;
    %pushi/vec4 4, 0, 4;
    %cmp/u;
    %jmp/1 T_0.4, 6;
    %dup/vec4;
    %pushi/vec4 5, 0, 4;
    %cmp/u;
    %jmp/1 T_0.5, 6;
    %dup/vec4;
    %pushi/vec4 6, 0, 4;
    %cmp/u;
    %jmp/1 T_0.6, 6;
    %dup/vec4;
    %pushi/vec4 7, 0, 4;
    %cmp/u;
    %jmp/1 T_0.7, 6;
    %dup/vec4;
    %pushi/vec4 8, 0, 4;
    %cmp/u;
    %jmp/1 T_0.8, 6;
    %dup/vec4;
    %pushi/vec4 9, 0, 4;
    %cmp/u;
    %jmp/1 T_0.9, 6;
    %dup/vec4;
    %pushi/vec4 10, 0, 4;
    %cmp/u;
    %jmp/1 T_0.10, 6;
    %dup/vec4;
    %pushi/vec4 11, 0, 4;
    %cmp/u;
    %jmp/1 T_0.11, 6;
    %dup/vec4;
    %pushi/vec4 12, 0, 4;
    %cmp/u;
    %jmp/1 T_0.12, 6;
    %dup/vec4;
    %pushi/vec4 13, 0, 4;
    %cmp/u;
    %jmp/1 T_0.13, 6;
    %dup/vec4;
    %pushi/vec4 14, 0, 4;
    %cmp/u;
    %jmp/1 T_0.14, 6;
    %dup/vec4;
    %pushi/vec4 15, 0, 4;
    %cmp/u;
    %jmp/1 T_0.15, 6;
    %pushi/vec4 126, 0, 7;
    %split/vec4 1;
    %store/vec4 v000001e5d61b3ab0_0, 0, 1;
    %split/vec4 1;
    %store/vec4 v000001e5d61b42d0_0, 0, 1;
    %split/vec4 1;
    %store/vec4 v000001e5d61b45f0_0, 0, 1;
    %split/vec4 1;
    %store/vec4 v000001e5d61b4230_0, 0, 1;
    %split/vec4 1;
    %store/vec4 v000001e5d61510b0_0, 0, 1;
    %split/vec4 1;
    %store/vec4 v000001e5d6151010_0, 0, 1;
    %store/vec4 v000001e5d6150f70_0, 0, 1;
    %jmp T_0.17;
T_0.0 ;
    %pushi/vec4 126, 0, 7;
    %split/vec4 1;
    %store/vec4 v000001e5d61b3ab0_0, 0, 1;
    %split/vec4 1;
    %store/vec4 v000001e5d61b42d0_0, 0, 1;
    %split/vec4 1;
    %store/vec4 v000001e5d61b45f0_0, 0, 1;
    %split/vec4 1;
    %store/vec4 v000001e5d61b4230_0, 0, 1;
    %split/vec4 1;
    %store/vec4 v000001e5d61510b0_0, 0, 1;
    %split/vec4 1;
    %store/vec4 v000001e5d6151010_0, 0, 1;
    %store/vec4 v000001e5d6150f70_0, 0, 1;
    %jmp T_0.17;
T_0.1 ;
    %pushi/vec4 48, 0, 7;
    %split/vec4 1;
    %store/vec4 v000001e5d61b3ab0_0, 0, 1;
    %split/vec4 1;
    %store/vec4 v000001e5d61b42d0_0, 0, 1;
    %split/vec4 1;
    %store/vec4 v000001e5d61b45f0_0, 0, 1;
    %split/vec4 1;
    %store/vec4 v000001e5d61b4230_0, 0, 1;
    %split/vec4 1;
    %store/vec4 v000001e5d61510b0_0, 0, 1;
    %split/vec4 1;
    %store/vec4 v000001e5d6151010_0, 0, 1;
    %store/vec4 v000001e5d6150f70_0, 0, 1;
    %jmp T_0.17;
T_0.2 ;
    %pushi/vec4 109, 0, 7;
    %split/vec4 1;
    %store/vec4 v000001e5d61b3ab0_0, 0, 1;
    %split/vec4 1;
    %store/vec4 v000001e5d61b42d0_0, 0, 1;
    %split/vec4 1;
    %store/vec4 v000001e5d61b45f0_0, 0, 1;
    %split/vec4 1;
    %store/vec4 v000001e5d61b4230_0, 0, 1;
    %split/vec4 1;
    %store/vec4 v000001e5d61510b0_0, 0, 1;
    %split/vec4 1;
    %store/vec4 v000001e5d6151010_0, 0, 1;
    %store/vec4 v000001e5d6150f70_0, 0, 1;
    %jmp T_0.17;
T_0.3 ;
    %pushi/vec4 121, 0, 7;
    %split/vec4 1;
    %store/vec4 v000001e5d61b3ab0_0, 0, 1;
    %split/vec4 1;
    %store/vec4 v000001e5d61b42d0_0, 0, 1;
    %split/vec4 1;
    %store/vec4 v000001e5d61b45f0_0, 0, 1;
    %split/vec4 1;
    %store/vec4 v000001e5d61b4230_0, 0, 1;
    %split/vec4 1;
    %store/vec4 v000001e5d61510b0_0, 0, 1;
    %split/vec4 1;
    %store/vec4 v000001e5d6151010_0, 0, 1;
    %store/vec4 v000001e5d6150f70_0, 0, 1;
    %jmp T_0.17;
T_0.4 ;
    %pushi/vec4 51, 0, 7;
    %split/vec4 1;
    %store/vec4 v000001e5d61b3ab0_0, 0, 1;
    %split/vec4 1;
    %store/vec4 v000001e5d61b42d0_0, 0, 1;
    %split/vec4 1;
    %store/vec4 v000001e5d61b45f0_0, 0, 1;
    %split/vec4 1;
    %store/vec4 v000001e5d61b4230_0, 0, 1;
    %split/vec4 1;
    %store/vec4 v000001e5d61510b0_0, 0, 1;
    %split/vec4 1;
    %store/vec4 v000001e5d6151010_0, 0, 1;
    %store/vec4 v000001e5d6150f70_0, 0, 1;
    %jmp T_0.17;
T_0.5 ;
    %pushi/vec4 91, 0, 7;
    %split/vec4 1;
    %store/vec4 v000001e5d61b3ab0_0, 0, 1;
    %split/vec4 1;
    %store/vec4 v000001e5d61b42d0_0, 0, 1;
    %split/vec4 1;
    %store/vec4 v000001e5d61b45f0_0, 0, 1;
    %split/vec4 1;
    %store/vec4 v000001e5d61b4230_0, 0, 1;
    %split/vec4 1;
    %store/vec4 v000001e5d61510b0_0, 0, 1;
    %split/vec4 1;
    %store/vec4 v000001e5d6151010_0, 0, 1;
    %store/vec4 v000001e5d6150f70_0, 0, 1;
    %jmp T_0.17;
T_0.6 ;
    %pushi/vec4 95, 0, 7;
    %split/vec4 1;
    %store/vec4 v000001e5d61b3ab0_0, 0, 1;
    %split/vec4 1;
    %store/vec4 v000001e5d61b42d0_0, 0, 1;
    %split/vec4 1;
    %store/vec4 v000001e5d61b45f0_0, 0, 1;
    %split/vec4 1;
    %store/vec4 v000001e5d61b4230_0, 0, 1;
    %split/vec4 1;
    %store/vec4 v000001e5d61510b0_0, 0, 1;
    %split/vec4 1;
    %store/vec4 v000001e5d6151010_0, 0, 1;
    %store/vec4 v000001e5d6150f70_0, 0, 1;
    %jmp T_0.17;
T_0.7 ;
    %pushi/vec4 112, 0, 7;
    %split/vec4 1;
    %store/vec4 v000001e5d61b3ab0_0, 0, 1;
    %split/vec4 1;
    %store/vec4 v000001e5d61b42d0_0, 0, 1;
    %split/vec4 1;
    %store/vec4 v000001e5d61b45f0_0, 0, 1;
    %split/vec4 1;
    %store/vec4 v000001e5d61b4230_0, 0, 1;
    %split/vec4 1;
    %store/vec4 v000001e5d61510b0_0, 0, 1;
    %split/vec4 1;
    %store/vec4 v000001e5d6151010_0, 0, 1;
    %store/vec4 v000001e5d6150f70_0, 0, 1;
    %jmp T_0.17;
T_0.8 ;
    %pushi/vec4 127, 0, 7;
    %split/vec4 1;
    %store/vec4 v000001e5d61b3ab0_0, 0, 1;
    %split/vec4 1;
    %store/vec4 v000001e5d61b42d0_0, 0, 1;
    %split/vec4 1;
    %store/vec4 v000001e5d61b45f0_0, 0, 1;
    %split/vec4 1;
    %store/vec4 v000001e5d61b4230_0, 0, 1;
    %split/vec4 1;
    %store/vec4 v000001e5d61510b0_0, 0, 1;
    %split/vec4 1;
    %store/vec4 v000001e5d6151010_0, 0, 1;
    %store/vec4 v000001e5d6150f70_0, 0, 1;
    %jmp T_0.17;
T_0.9 ;
    %pushi/vec4 123, 0, 7;
    %split/vec4 1;
    %store/vec4 v000001e5d61b3ab0_0, 0, 1;
    %split/vec4 1;
    %store/vec4 v000001e5d61b42d0_0, 0, 1;
    %split/vec4 1;
    %store/vec4 v000001e5d61b45f0_0, 0, 1;
    %split/vec4 1;
    %store/vec4 v000001e5d61b4230_0, 0, 1;
    %split/vec4 1;
    %store/vec4 v000001e5d61510b0_0, 0, 1;
    %split/vec4 1;
    %store/vec4 v000001e5d6151010_0, 0, 1;
    %store/vec4 v000001e5d6150f70_0, 0, 1;
    %jmp T_0.17;
T_0.10 ;
    %pushi/vec4 119, 0, 7;
    %split/vec4 1;
    %store/vec4 v000001e5d61b3ab0_0, 0, 1;
    %split/vec4 1;
    %store/vec4 v000001e5d61b42d0_0, 0, 1;
    %split/vec4 1;
    %store/vec4 v000001e5d61b45f0_0, 0, 1;
    %split/vec4 1;
    %store/vec4 v000001e5d61b4230_0, 0, 1;
    %split/vec4 1;
    %store/vec4 v000001e5d61510b0_0, 0, 1;
    %split/vec4 1;
    %store/vec4 v000001e5d6151010_0, 0, 1;
    %store/vec4 v000001e5d6150f70_0, 0, 1;
    %jmp T_0.17;
T_0.11 ;
    %pushi/vec4 31, 0, 7;
    %split/vec4 1;
    %store/vec4 v000001e5d61b3ab0_0, 0, 1;
    %split/vec4 1;
    %store/vec4 v000001e5d61b42d0_0, 0, 1;
    %split/vec4 1;
    %store/vec4 v000001e5d61b45f0_0, 0, 1;
    %split/vec4 1;
    %store/vec4 v000001e5d61b4230_0, 0, 1;
    %split/vec4 1;
    %store/vec4 v000001e5d61510b0_0, 0, 1;
    %split/vec4 1;
    %store/vec4 v000001e5d6151010_0, 0, 1;
    %store/vec4 v000001e5d6150f70_0, 0, 1;
    %jmp T_0.17;
T_0.12 ;
    %pushi/vec4 78, 0, 7;
    %split/vec4 1;
    %store/vec4 v000001e5d61b3ab0_0, 0, 1;
    %split/vec4 1;
    %store/vec4 v000001e5d61b42d0_0, 0, 1;
    %split/vec4 1;
    %store/vec4 v000001e5d61b45f0_0, 0, 1;
    %split/vec4 1;
    %store/vec4 v000001e5d61b4230_0, 0, 1;
    %split/vec4 1;
    %store/vec4 v000001e5d61510b0_0, 0, 1;
    %split/vec4 1;
    %store/vec4 v000001e5d6151010_0, 0, 1;
    %store/vec4 v000001e5d6150f70_0, 0, 1;
    %jmp T_0.17;
T_0.13 ;
    %pushi/vec4 61, 0, 7;
    %split/vec4 1;
    %store/vec4 v000001e5d61b3ab0_0, 0, 1;
    %split/vec4 1;
    %store/vec4 v000001e5d61b42d0_0, 0, 1;
    %split/vec4 1;
    %store/vec4 v000001e5d61b45f0_0, 0, 1;
    %split/vec4 1;
    %store/vec4 v000001e5d61b4230_0, 0, 1;
    %split/vec4 1;
    %store/vec4 v000001e5d61510b0_0, 0, 1;
    %split/vec4 1;
    %store/vec4 v000001e5d6151010_0, 0, 1;
    %store/vec4 v000001e5d6150f70_0, 0, 1;
    %jmp T_0.17;
T_0.14 ;
    %pushi/vec4 79, 0, 7;
    %split/vec4 1;
    %store/vec4 v000001e5d61b3ab0_0, 0, 1;
    %split/vec4 1;
    %store/vec4 v000001e5d61b42d0_0, 0, 1;
    %split/vec4 1;
    %store/vec4 v000001e5d61b45f0_0, 0, 1;
    %split/vec4 1;
    %store/vec4 v000001e5d61b4230_0, 0, 1;
    %split/vec4 1;
    %store/vec4 v000001e5d61510b0_0, 0, 1;
    %split/vec4 1;
    %store/vec4 v000001e5d6151010_0, 0, 1;
    %store/vec4 v000001e5d6150f70_0, 0, 1;
    %jmp T_0.17;
T_0.15 ;
    %pushi/vec4 71, 0, 7;
    %split/vec4 1;
    %store/vec4 v000001e5d61b3ab0_0, 0, 1;
    %split/vec4 1;
    %store/vec4 v000001e5d61b42d0_0, 0, 1;
    %split/vec4 1;
    %store/vec4 v000001e5d61b45f0_0, 0, 1;
    %split/vec4 1;
    %store/vec4 v000001e5d61b4230_0, 0, 1;
    %split/vec4 1;
    %store/vec4 v000001e5d61510b0_0, 0, 1;
    %split/vec4 1;
    %store/vec4 v000001e5d6151010_0, 0, 1;
    %store/vec4 v000001e5d6150f70_0, 0, 1;
    %jmp T_0.17;
T_0.17 ;
    %pop/vec4 1;
    %jmp T_0;
    .thread T_0, $push;
    .scope S_000001e5d615ea90;
T_1 ;
    %vpi_call 2 21 "$monitor", $time, "in = %d, seven_seg_code = %7b", v000001e5d61b38d0_0, v000001e5d61b3c90_0 {0 0 0};
    %delay 5000, 0;
    %pushi/vec4 0, 0, 4;
    %store/vec4 v000001e5d61b38d0_0, 0, 4;
    %pushi/vec4 0, 0, 32;
    %store/vec4 v000001e5d61b3830_0, 0, 32;
T_1.0 ;
    %load/vec4 v000001e5d61b3830_0;
    %cmpi/s 16, 0, 32;
    %jmp/0xz T_1.1, 5;
    %delay 5000, 0;
    %load/vec4 v000001e5d61b3830_0;
    %pad/s 4;
    %assign/vec4 v000001e5d61b38d0_0, 0;
    ; show_stmt_assign_vector: Get l-value for compressed += operand
    %load/vec4 v000001e5d61b3830_0;
    %pushi/vec4 1, 0, 32;
    %add;
    %store/vec4 v000001e5d61b3830_0, 0, 32;
    %jmp T_1.0;
T_1.1 ;
    %end;
    .thread T_1;
# The file index is used to find the file name in the following table.
:file_names 4;
    "N/A";
    "<interactive>";
    "hex_7seg_decoder_tb.v";
    "hex_7seg_decoder.v";
