#! /mingw64/bin/vvp
:ivl_version "12.0 (stable)";
:ivl_delay_selection "TYPICAL";
:vpi_time_precision - 9;
:vpi_module "C:\msys64\mingw64\lib\ivl\system.vpi";
:vpi_module "C:\msys64\mingw64\lib\ivl\vhdl_sys.vpi";
:vpi_module "C:\msys64\mingw64\lib\ivl\vhdl_textio.vpi";
:vpi_module "C:\msys64\mingw64\lib\ivl\v2005_math.vpi";
:vpi_module "C:\msys64\mingw64\lib\ivl\va_math.vpi";
S_000001a6a82dc120 .scope module, "stimulus" "stimulus" 2 2;
 .timescale -6 -9;
P_000001a6a82d77a0 .param/l "N" 0 2 3, +C4<00000000000000000000000000000100>;
v000001a6a82d1820_0 .var "i_a", 3 0;
v000001a6a82d18c0_0 .var "i_b", 3 0;
v000001a6a82d1960_0 .var "i_sel", 0 0;
v000001a6a82d1a00_0 .net "o_y", 3 0, L_000001a6a8332fe0;  1 drivers
S_000001a6a82dcdc0 .scope begin, "$ivl_for_loop0" "$ivl_for_loop0" 2 17, 2 17 0, S_000001a6a82dc120;
 .timescale -6 -9;
v000001a6a82dbe10_0 .var/i "i", 31 0;
S_000001a6a82dcf50 .scope module, "uut" "multiplexer_to_led" 2 9, 3 2 0, S_000001a6a82dc120;
 .timescale 0 0;
    .port_info 0 /INPUT 4 "i_a";
    .port_info 1 /INPUT 4 "i_b";
    .port_info 2 /INPUT 1 "i_sel";
    .port_info 3 /OUTPUT 4 "o_y";
P_000001a6a82d7920 .param/l "N" 0 3 2, +C4<00000000000000000000000000000100>;
v000001a6a82dd0e0_0 .net "i_a", 3 0, v000001a6a82d1820_0;  1 drivers
v000001a6a82dd180_0 .net "i_b", 3 0, v000001a6a82d18c0_0;  1 drivers
v000001a6a82d16e0_0 .net "i_sel", 0 0, v000001a6a82d1960_0;  1 drivers
v000001a6a82d1780_0 .net "o_y", 3 0, L_000001a6a8332fe0;  alias, 1 drivers
L_000001a6a8332fe0 .functor MUXZ 4, v000001a6a82d1820_0, v000001a6a82d18c0_0, v000001a6a82d1960_0, C4<>;
    .scope S_000001a6a82dc120;
T_0 ;
    %vpi_call 2 13 "$dumpfile", "mmultiplexer_to_led.vcd" {0 0 0};
    %vpi_call 2 14 "$dumpvars", 32'sb00000000000000000000000000000000, S_000001a6a82dc120 {0 0 0};
    %vpi_call 2 15 "$monitor", $time, "A = %d, B = %d, SELECT = %d, Y = %d", v000001a6a82d1820_0, v000001a6a82d18c0_0, v000001a6a82d1960_0, v000001a6a82d1a00_0 {0 0 0};
    %delay 5000, 0;
    %pushi/vec4 0, 0, 1;
    %store/vec4 v000001a6a82d1960_0, 0, 1;
    %pushi/vec4 0, 0, 4;
    %store/vec4 v000001a6a82d1820_0, 0, 4;
    %load/vec4 v000001a6a82d1820_0;
    %inv;
    %store/vec4 v000001a6a82d18c0_0, 0, 4;
    %fork t_1, S_000001a6a82dcdc0;
    %jmp t_0;
    .scope S_000001a6a82dcdc0;
t_1 ;
    %pushi/vec4 0, 0, 32;
    %store/vec4 v000001a6a82dbe10_0, 0, 32;
T_0.0 ;
    %load/vec4 v000001a6a82dbe10_0;
    %cmpi/s 8, 0, 32;
    %jmp/0xz T_0.1, 5;
    %delay 5000, 0;
    %load/vec4 v000001a6a82d1960_0;
    %inv;
    %store/vec4 v000001a6a82d1960_0, 0, 1;
    %vpi_func 2 18 "$random" 32 {0 0 0};
    %pad/s 4;
    %store/vec4 v000001a6a82d1820_0, 0, 4;
    %vpi_func 2 18 "$random" 32 {0 0 0};
    %pad/s 4;
    %store/vec4 v000001a6a82d18c0_0, 0, 4;
    ; show_stmt_assign_vector: Get l-value for compressed += operand
    %load/vec4 v000001a6a82dbe10_0;
    %pushi/vec4 1, 0, 32;
    %add;
    %store/vec4 v000001a6a82dbe10_0, 0, 32;
    %jmp T_0.0;
T_0.1 ;
    %end;
    .scope S_000001a6a82dc120;
t_0 %join;
    %end;
    .thread T_0;
# The file index is used to find the file name in the following table.
:file_names 4;
    "N/A";
    "<interactive>";
    "multiplexer_to_led_tb.v";
    "multiplexer_to_led.v";
